Archive member included to satisfy reference by file (symbol)

C:/ST/STM32CubeIDE_1.15.1/STM32CubeIDE/plugins/com.st.stm32cube.ide.mcu.externaltools.gnu-tools-for-stm32.12.3.rel1.win32_1.0.100.202403111256/tools/bin/../lib/gcc/arm-none-eabi/12.3.1/../../../../arm-none-eabi/lib/thumb/v7-m/nofp\libc_nano.a(libc_a-exit.o)
                              C:/ST/STM32CubeIDE_1.15.1/STM32CubeIDE/plugins/com.st.stm32cube.ide.mcu.externaltools.gnu-tools-for-stm32.12.3.rel1.win32_1.0.100.202403111256/tools/bin/../lib/gcc/arm-none-eabi/12.3.1/../../../../arm-none-eabi/lib/thumb/v7-m/nofp/crt0.o (exit)
C:/ST/STM32CubeIDE_1.15.1/STM32CubeIDE/plugins/com.st.stm32cube.ide.mcu.externaltools.gnu-tools-for-stm32.12.3.rel1.win32_1.0.100.202403111256/tools/bin/../lib/gcc/arm-none-eabi/12.3.1/../../../../arm-none-eabi/lib/thumb/v7-m/nofp\libc_nano.a(libc_a-findfp.o)
                              C:/ST/STM32CubeIDE_1.15.1/STM32CubeIDE/plugins/com.st.stm32cube.ide.mcu.externaltools.gnu-tools-for-stm32.12.3.rel1.win32_1.0.100.202403111256/tools/bin/../lib/gcc/arm-none-eabi/12.3.1/../../../../arm-none-eabi/lib/thumb/v7-m/nofp\libc_nano.a(libc_a-exit.o) (__stdio_exit_handler)
C:/ST/STM32CubeIDE_1.15.1/STM32CubeIDE/plugins/com.st.stm32cube.ide.mcu.externaltools.gnu-tools-for-stm32.12.3.rel1.win32_1.0.100.202403111256/tools/bin/../lib/gcc/arm-none-eabi/12.3.1/../../../../arm-none-eabi/lib/thumb/v7-m/nofp\libc_nano.a(libc_a-fwalk.o)
                              C:/ST/STM32CubeIDE_1.15.1/STM32CubeIDE/plugins/com.st.stm32cube.ide.mcu.externaltools.gnu-tools-for-stm32.12.3.rel1.win32_1.0.100.202403111256/tools/bin/../lib/gcc/arm-none-eabi/12.3.1/../../../../arm-none-eabi/lib/thumb/v7-m/nofp\libc_nano.a(libc_a-findfp.o) (_fwalk_sglue)
C:/ST/STM32CubeIDE_1.15.1/STM32CubeIDE/plugins/com.st.stm32cube.ide.mcu.externaltools.gnu-tools-for-stm32.12.3.rel1.win32_1.0.100.202403111256/tools/bin/../lib/gcc/arm-none-eabi/12.3.1/../../../../arm-none-eabi/lib/thumb/v7-m/nofp\libc_nano.a(libc_a-stdio.o)
                              C:/ST/STM32CubeIDE_1.15.1/STM32CubeIDE/plugins/com.st.stm32cube.ide.mcu.externaltools.gnu-tools-for-stm32.12.3.rel1.win32_1.0.100.202403111256/tools/bin/../lib/gcc/arm-none-eabi/12.3.1/../../../../arm-none-eabi/lib/thumb/v7-m/nofp\libc_nano.a(libc_a-findfp.o) (__sread)
C:/ST/STM32CubeIDE_1.15.1/STM32CubeIDE/plugins/com.st.stm32cube.ide.mcu.externaltools.gnu-tools-for-stm32.12.3.rel1.win32_1.0.100.202403111256/tools/bin/../lib/gcc/arm-none-eabi/12.3.1/../../../../arm-none-eabi/lib/thumb/v7-m/nofp\libc_nano.a(libc_a-memset.o)
                              C:/ST/STM32CubeIDE_1.15.1/STM32CubeIDE/plugins/com.st.stm32cube.ide.mcu.externaltools.gnu-tools-for-stm32.12.3.rel1.win32_1.0.100.202403111256/tools/bin/../lib/gcc/arm-none-eabi/12.3.1/../../../../arm-none-eabi/lib/thumb/v7-m/nofp/crt0.o (memset)
C:/ST/STM32CubeIDE_1.15.1/STM32CubeIDE/plugins/com.st.stm32cube.ide.mcu.externaltools.gnu-tools-for-stm32.12.3.rel1.win32_1.0.100.202403111256/tools/bin/../lib/gcc/arm-none-eabi/12.3.1/../../../../arm-none-eabi/lib/thumb/v7-m/nofp\libc_nano.a(libc_a-closer.o)
                              C:/ST/STM32CubeIDE_1.15.1/STM32CubeIDE/plugins/com.st.stm32cube.ide.mcu.externaltools.gnu-tools-for-stm32.12.3.rel1.win32_1.0.100.202403111256/tools/bin/../lib/gcc/arm-none-eabi/12.3.1/../../../../arm-none-eabi/lib/thumb/v7-m/nofp\libc_nano.a(libc_a-stdio.o) (_close_r)
C:/ST/STM32CubeIDE_1.15.1/STM32CubeIDE/plugins/com.st.stm32cube.ide.mcu.externaltools.gnu-tools-for-stm32.12.3.rel1.win32_1.0.100.202403111256/tools/bin/../lib/gcc/arm-none-eabi/12.3.1/../../../../arm-none-eabi/lib/thumb/v7-m/nofp\libc_nano.a(libc_a-reent.o)
                              C:/ST/STM32CubeIDE_1.15.1/STM32CubeIDE/plugins/com.st.stm32cube.ide.mcu.externaltools.gnu-tools-for-stm32.12.3.rel1.win32_1.0.100.202403111256/tools/bin/../lib/gcc/arm-none-eabi/12.3.1/../../../../arm-none-eabi/lib/thumb/v7-m/nofp\libc_nano.a(libc_a-closer.o) (errno)
C:/ST/STM32CubeIDE_1.15.1/STM32CubeIDE/plugins/com.st.stm32cube.ide.mcu.externaltools.gnu-tools-for-stm32.12.3.rel1.win32_1.0.100.202403111256/tools/bin/../lib/gcc/arm-none-eabi/12.3.1/../../../../arm-none-eabi/lib/thumb/v7-m/nofp\libc_nano.a(libc_a-impure.o)
                              C:/ST/STM32CubeIDE_1.15.1/STM32CubeIDE/plugins/com.st.stm32cube.ide.mcu.externaltools.gnu-tools-for-stm32.12.3.rel1.win32_1.0.100.202403111256/tools/bin/../lib/gcc/arm-none-eabi/12.3.1/../../../../arm-none-eabi/lib/thumb/v7-m/nofp\libc_nano.a(libc_a-reent.o) (_impure_ptr)
C:/ST/STM32CubeIDE_1.15.1/STM32CubeIDE/plugins/com.st.stm32cube.ide.mcu.externaltools.gnu-tools-for-stm32.12.3.rel1.win32_1.0.100.202403111256/tools/bin/../lib/gcc/arm-none-eabi/12.3.1/../../../../arm-none-eabi/lib/thumb/v7-m/nofp\libc_nano.a(libc_a-lseekr.o)
[...]
Memory Configuration

Name             Origin             Length             Attributes
RAM              0x20000000         0x00005000         xrw
FLASH            0x08000000         0x00010000         xr
*default*        0x00000000         0xffffffff

Linker script and memory map

LOAD C:/ST/STM32CubeIDE_1.15.1/STM32CubeIDE/plugins/com.st.stm32cube.ide.mcu.externaltools.gnu-tools-for-stm32.12.3.rel1.win32_1.0.100.202403111256/tools/bin/../lib/gcc/arm-none-eabi/12.3.1/thumb/v7-m/nofp/crti.o
LOAD C:/ST/STM32CubeIDE_1.15.1/STM32CubeIDE/plugins/com.st.stm32cube.ide.mcu.externaltools.gnu-tools-for-stm32.12.3.rel1.win32_1.0.100.202403111256/tools/bin/../lib/gcc/arm-none-eabi/12.3.1/thumb/v7-m/nofp/crtbegin.o
LOAD C:/ST/STM32CubeIDE_1.15.1/STM32CubeIDE/plugins/com.st.stm32cube.ide.mcu.externaltools.gnu-tools-for-stm32.12.3.rel1.win32_1.0.100.202403111256/tools/bin/../lib/gcc/arm-none-eabi/12.3.1/../../../../arm-none-eabi/lib/thumb/v7-m/nofp/crt0.o
LOAD ./Core/Src/bluetask.o
LOAD ./Core/Src/freertos.o
LOAD ./Core/Src/main.o
LOAD ./Core/Src/maintask.o
LOAD ./Core/Src/oled.o
LOAD ./Core/Src/queue.o
LOAD ./Core/Src/screentask.o
LOAD ./Core/Src/stm32f1xx_hal_msp.o
LOAD ./Core/Src/stm32f1xx_it.o
LOAD ./Core/Src/syscalls.o
LOAD ./Core/Src/sysmem.o
LOAD ./Core/Src/system_stm32f1xx.o
LOAD ./Core/Src/tlv.o
LOAD ./Core/Startup/startup_stm32f103c8tx.o
LOAD ./Drivers/STM32F1xx_HAL_Driver/Src/stm32f1xx_hal.o
LOAD ./Drivers/STM32F1xx_HAL_Driver/Src/stm32f1xx_hal_cortex.o
LOAD ./Drivers/STM32F1xx_HAL_Driver/Src/stm32f1xx_hal_dma.o
LOAD ./Drivers/STM32F1xx_HAL_Driver/Src/stm32f1xx_hal_exti.o
LOAD ./Drivers/STM32F1xx_HAL_Driver/Src/stm32f1xx_hal_flash.o
LOAD ./Drivers/STM32F1xx_HAL_Driver/Src/stm32f1xx_hal_flash_ex.o
LOAD ./Drivers/STM32F1xx_HAL_Driver/Src/stm32f1xx_hal_gpio.o
LOAD ./Drivers/STM32F1xx_HAL_Driver/Src/stm32f1xx_hal_gpio_ex.o
LOAD ./Drivers/STM32F1xx_HAL_Driver/Src/stm32f1xx_hal_i2c.o
LOAD ./Drivers/STM32F1xx_HAL_Driver/Src/stm32f1xx_hal_pwr.o
LOAD ./Drivers/STM32F1xx_HAL_Driver/Src/stm32f1xx_hal_rcc.o
LOAD ./Drivers/STM32F1xx_HAL_Driver/Src/stm32f1xx_hal_rcc_ex.o
LOAD ./Drivers/STM32F1xx_HAL_Driver/Src/stm32f1xx_hal_tim.o
LOAD ./Drivers/STM32F1xx_HAL_Driver/Src/stm32f1xx_hal_tim_ex.o
LOAD ./Drivers/STM32F1xx_HAL_Driver/Src/stm32f1xx_hal_uart.o
LOAD ./Middlewares/Third_Party/FreeRTOS/Source/CMSIS_RTOS_V2/cmsis_os2.o
LOAD ./Middlewares/Third_Party/FreeRTOS/Source/croutine.o
LOAD ./Middlewares/Third_Party/FreeRTOS/Source/event_groups.o
LOAD ./Middlewares/Third_Party/FreeRTOS/Source/list.o
LOAD ./Middlewares/Third_Party/FreeRTOS/Source/queue.o
LOAD ./Middlewares/Third_Party/FreeRTOS/Source/stream_buffer.o
LOAD ./Middlewares/Third_Party/FreeRTOS/Source/tasks.o
LOAD ./Middlewares/Third_Party/FreeRTOS/Source/timers.o
LOAD ./Middlewares/Third_Party/FreeRTOS/Source/portable/GCC/ARM_CM3/port.o
LOAD ./Middlewares/Third_Party/FreeRTOS/Source/portable/MemMang/heap_4.o
START GROUP
LOAD C:/ST/STM32CubeIDE_1.15.1/STM32CubeIDE/plugins/com.st.stm32cube.ide.mcu.externaltools.gnu-tools-for-stm32.12.3.rel1.win32_1.0.100.202403111256/tools/bin/../lib/gcc/arm-none-eabi/12.3.1/../../../../arm-none-eabi/lib/thumb/v7-m/nofp\libc_nano.a
LOAD C:/ST/STM32CubeIDE_1.15.1/STM32CubeIDE/plugins/com.st.stm32cube.ide.mcu.externaltools.gnu-tools-for-stm32.12.3.rel1.win32_1.0.100.202403111256/tools/bin/../lib/gcc/arm-none-eabi/12.3.1/../../../../arm-none-eabi/lib/thumb/v7-m/nofp\libm.a
END GROUP
START GROUP
LOAD C:/ST/STM32CubeIDE_1.15.1/STM32CubeIDE/plugins/com.st.stm32cube.ide.mcu.externaltools.gnu-tools-for-stm32.12.3.rel1.win32_1.0.100.202403111256/tools/bin/../lib/gcc/arm-none-eabi/12.3.1/thumb/v7-m/nofp\libgcc.a
LOAD C:/ST/STM32CubeIDE_1.15.1/STM32CubeIDE/plugins/com.st.stm32cube.ide.mcu.externaltools.gnu-tools-for-stm32.12.3.rel1.win32_1.0.100.202403111256/tools/bin/../lib/gcc/arm-none-eabi/12.3.1/../../../../arm-none-eabi/lib/thumb/v7-m/nofp\libc_nano.a
END GROUP
START GROUP
LOAD C:/ST/STM32CubeIDE_1.15.1/STM32CubeIDE/plugins/com.st.stm32cube.ide.mcu.externaltools.gnu-tools-for-stm32.12.3.rel1.win32_1.0.100.202403111256/tools/bin/../lib/gcc/arm-none-eabi/12.3.1/thumb/v7-m/nofp\libgcc.a
LOAD C:/ST/STM32CubeIDE_1.15.1/STM32CubeIDE/plugins/com.st.stm32cube.ide.mcu.externaltools.gnu-tools-for-stm32.12.3.rel1.win32_1.0.100.202403111256/tools/bin/../lib/gcc/arm-none-eabi/12.3.1/../../../../arm-none-eabi/lib/thumb/v7-m/nofp\libc_nano.a
LOAD C:/ST/STM32CubeIDE_1.15.1/STM32CubeIDE/plugins/com.st.stm32cube.ide.mcu.externaltools.gnu-tools-for-stm32.12.3.rel1.win32_1.0.100.202403111256/tools/bin/../lib/gcc/arm-none-eabi/12.3.1/../../../../arm-none-eabi/lib/thumb/v7-m/nofp\libnosys.a
END GROUP
START GROUP
LOAD C:/ST/STM32CubeIDE_1.15.1/STM32CubeIDE/plugins/com.st.stm32cube.ide.mcu.externaltools.gnu-tools-for-stm32.12.3.rel1.win32_1.0.100.202403111256/tools/bin/../lib/gcc/arm-none-eabi/12.3.1/thumb/v7-m/nofp\libgcc.a
LOAD C:/ST/STM32CubeIDE_1.15.1/STM32CubeIDE/plugins/com.st.stm32cube.ide.mcu.externaltools.gnu-tools-for-stm32.12.3.rel1.win32_1.0.100.202403111256/tools/bin/../lib/gcc/arm-none-eabi/12.3.1/../../../../arm-none-eabi/lib/thumb/v7-m/nofp\libc_nano.a
LOAD C:/ST/STM32CubeIDE_1.15.1/STM32CubeIDE/plugins/com.st.stm32cube.ide.mcu.externaltools.gnu-tools-for-stm32.12.3.rel1.win32_1.0.100.202403111256/tools/bin/../lib/gcc/arm-none-eabi/12.3.1/../../../../arm-none-eabi/lib/thumb/v7-m/nofp\libnosys.a
END GROUP
LOAD C:/ST/STM32CubeIDE_1.15.1/STM32CubeIDE/plugins/com.st.stm32cube.ide.mcu.externaltools.gnu-tools-for-stm32.12.3.rel1.win32_1.0.100.202403111256/tools/bin/../lib/gcc/arm-none-eabi/12.3.1/thumb/v7-m/nofp/crtend.o
LOAD C:/ST/STM32CubeIDE_1.15.1/STM32CubeIDE/plugins/com.st.stm32cube.ide.mcu.externaltools.gnu-tools-for-stm32.12.3.rel1.win32_1.0.100.202403111256/tools/bin/../lib/gcc/arm-none-eabi/12.3.1/thumb/v7-m/nofp/crtn.o
                0x20005000                        _estack = (ORIGIN (RAM) + LENGTH (RAM))
                0x00000200                        _Min_Heap_Size = 0x200
                0x00000400                        _Min_Stack_Size = 0x400

.isr_vector     0x08000000      0x10c
                0x08000000                        . = ALIGN (0x4)
 *(.isr_vector)
 .isr_vector    0x08000000      0x10c ./Core/Startup/startup_stm32f103c8tx.o
                0x08000000                g_pfnVectors
                0x0800010c                        . = ALIGN (0x4)

.text           0x08000110     0x5ea8
                0x08000110                        . = ALIGN (0x4)
 *(.text)
 .text          0x08000110       0x40 C:/ST/STM32CubeIDE_1.15.1/STM32CubeIDE/plugins/com.st.stm32cube.ide.mcu.externaltools.gnu-tools-for-stm32.12.3.rel1.win32_1.0.100.202403111256/tools/bin/../lib/gcc/arm-none-eabi/12.3.1/thumb/v7-m/nofp/crtbegin.o
 *(.text*)
 .text.BlueTask
                0x08000150       0x10 ./Core/Src/bluetask.o
                0x08000150                BlueTask
 .text.HAL_UART_RxCpltCallback
                0x08000160       0x50 ./Core/Src/main.o
                0x08000160                HAL_UART_RxCpltCallback
 .text.main     0x080001b0       0xdc ./Core/Src/main.o
                0x080001b0                main
 .text.SystemClock_Config
                0x0800028c       0x76 ./Core/Src/main.o
                0x0800028c                SystemClock_Config
 *fill*         0x08000302        0x2 
 .text.MX_I2C1_Init
                0x08000304       0x5c ./Core/Src/main.o
 .text.MX_USART1_UART_Init
                0x08000360       0x54 ./Core/Src/main.o
 .text.MX_GPIO_Init
                0x080003b4       0x98 ./Core/Src/main.o
 .text.Error_Handler
                0x0800044c        0xc ./Core/Src/main.o
                0x0800044c                Error_Handler
 .text.MainTask
                0x08000458       0x24 ./Core/Src/maintask.o
                0x08000458                MainTask
 .text.initOLED
                0x0800047c       0x50 ./Core/Src/oled.o
                0x0800047c                initOLED
 .text.write_cmd
                0x080004cc       0x40 ./Core/Src/oled.o
 .text.cmd_list
                0x0800050c       0x8c ./Core/Src/oled.o
 .text.initDisplay
                0x08000598       0xa4 ./Core/Src/oled.o
 .text.display  0x0800063c       0xc4 ./Core/Src/oled.o
 .text.clearDisplay
                0x08000700       0x1c ./Core/Src/oled.o
                0x08000700                clearDisplay
 .text.drawpixel
                0x0800071c       0x64 ./Core/Src/oled.o
 .text.drawBitmap
                0x08000780       0x9e ./Core/Src/oled.o
                0x08000780                drawBitmap
 .text.drawImage
                0x0800081e       0x3c ./Core/Src/oled.o
                0x0800081e                drawImage
 *fill*         0x0800085a        0x2 
 .text.drawChar
                0x0800085c       0xb8 ./Core/Src/oled.o
                0x0800085c                drawChar
 .text.drawChars
                0x08000914       0x82 ./Core/Src/oled.o
                0x08000914                drawChars
 *fill*         0x08000996        0x2 
 .text.hienthi  0x08000998       0x84 ./Core/Src/screentask.o
 .text.ScreenTask
                0x08000a1c       0x34 ./Core/Src/screentask.o
                0x08000a1c                ScreenTask
 .text.HAL_MspInit
                0x08000a50       0x70 ./Core/Src/stm32f1xx_hal_msp.o
                0x08000a50                HAL_MspInit
 .text.HAL_I2C_MspInit
                0x08000ac0       0x7c ./Core/Src/stm32f1xx_hal_msp.o
                0x08000ac0                HAL_I2C_MspInit
 .text.HAL_UART_MspInit
                0x08000b3c       0xa8 ./Core/Src/stm32f1xx_hal_msp.o
                0x08000b3c                HAL_UART_MspInit
 .text.NMI_Handler
                0x08000be4        0x8 ./Core/Src/stm32f1xx_it.o
                0x08000be4                NMI_Handler
 .text.HardFault_Handler
                0x08000bec        0x8 ./Core/Src/stm32f1xx_it.o
                0x08000bec                HardFault_Handler
 .text.MemManage_Handler
                0x08000bf4        0x8 ./Core/Src/stm32f1xx_it.o
                0x08000bf4                MemManage_Handler
 .text.BusFault_Handler
                0x08000bfc        0x8 ./Core/Src/stm32f1xx_it.o
                0x08000bfc                BusFault_Handler
 .text.UsageFault_Handler
                0x08000c04        0x8 ./Core/Src/stm32f1xx_it.o
                0x08000c04                UsageFault_Handler
 .text.DebugMon_Handler
                0x08000c0c        0xc ./Core/Src/stm32f1xx_it.o
                0x08000c0c                DebugMon_Handler
 .text.SysTick_Handler
                0x08000c18       0x1a ./Core/Src/stm32f1xx_it.o
                0x08000c18                SysTick_Handler
 *fill*         0x08000c32        0x2 
 .text.USART1_IRQHandler
                0x08000c34       0x14 ./Core/Src/stm32f1xx_it.o
                0x08000c34                USART1_IRQHandler
 .text.SystemInit
                0x08000c48        0xc ./Core/Src/system_stm32f1xx.o
                0x08000c48                SystemInit
 .text.Reset_Handler
                0x08000c54       0x48 ./Core/Startup/startup_stm32f103c8tx.o
                0x08000c54                Reset_Handler
 .text.Default_Handler
                0x08000c9c        0x2 ./Core/Startup/startup_stm32f103c8tx.o
                0x08000c9c                RTC_Alarm_IRQHandler
                0x08000c9c                EXTI2_IRQHandler
                0x08000c9c                TIM1_CC_IRQHandler
                0x08000c9c                PVD_IRQHandler
                0x08000c9c                EXTI3_IRQHandler
                0x08000c9c                EXTI0_IRQHandler
                0x08000c9c                I2C2_EV_IRQHandler
                0x08000c9c                ADC1_2_IRQHandler
                0x08000c9c                SPI1_IRQHandler
                0x08000c9c                TAMPER_IRQHandler
                0x08000c9c                DMA1_Channel4_IRQHandler
                0x08000c9c                USART3_IRQHandler
                0x08000c9c                RTC_IRQHandler
                0x08000c9c                DMA1_Channel7_IRQHandler
                0x08000c9c                CAN1_RX1_IRQHandler
                0x08000c9c                TIM4_IRQHandler
                0x08000c9c                I2C1_EV_IRQHandler
                0x08000c9c                DMA1_Channel6_IRQHandler
                0x08000c9c                TIM3_IRQHandler
                0x08000c9c                RCC_IRQHandler
                0x08000c9c                TIM1_TRG_COM_IRQHandler
                0x08000c9c                DMA1_Channel1_IRQHandler
                0x08000c9c                Default_Handler
                0x08000c9c                EXTI15_10_IRQHandler
                0x08000c9c                EXTI9_5_IRQHandler
                0x08000c9c                SPI2_IRQHandler
                0x08000c9c                DMA1_Channel5_IRQHandler
                0x08000c9c                EXTI4_IRQHandler
                0x08000c9c                USB_LP_CAN1_RX0_IRQHandler
                0x08000c9c                USB_HP_CAN1_TX_IRQHandler
                0x08000c9c                DMA1_Channel3_IRQHandler
                0x08000c9c                TIM1_UP_IRQHandler
                0x08000c9c                WWDG_IRQHandler
                0x08000c9c                TIM2_IRQHandler
                0x08000c9c                TIM1_BRK_IRQHandler
                0x08000c9c                EXTI1_IRQHandler
                0x08000c9c                USART2_IRQHandler
                0x08000c9c                I2C2_ER_IRQHandler
                0x08000c9c                DMA1_Channel2_IRQHandler
                0x08000c9c                CAN1_SCE_IRQHandler
                0x08000c9c                FLASH_IRQHandler
                0x08000c9c                I2C1_ER_IRQHandler
                0x08000c9c                USBWakeUp_IRQHandler
 *fill*         0x08000c9e        0x2 
 .text.HAL_Init
                0x08000ca0       0x2c ./Drivers/STM32F1xx_HAL_Driver/Src/stm32f1xx_hal.o
                0x08000ca0                HAL_Init
 .text.HAL_InitTick
                0x08000ccc       0x60 ./Drivers/STM32F1xx_HAL_Driver/Src/stm32f1xx_hal.o
                0x08000ccc                HAL_InitTick
 .text.HAL_IncTick
                0x08000d2c       0x24 ./Drivers/STM32F1xx_HAL_Driver/Src/stm32f1xx_hal.o
                0x08000d2c                HAL_IncTick
 .text.HAL_GetTick
                0x08000d50       0x14 ./Drivers/STM32F1xx_HAL_Driver/Src/stm32f1xx_hal.o
                0x08000d50                HAL_GetTick
 .text.__NVIC_SetPriorityGrouping
                0x08000d64       0x48 ./Drivers/STM32F1xx_HAL_Driver/Src/stm32f1xx_hal_cortex.o
 .text.__NVIC_GetPriorityGrouping
                0x08000dac       0x1c ./Drivers/STM32F1xx_HAL_Driver/Src/stm32f1xx_hal_cortex.o
 .text.__NVIC_EnableIRQ
                0x08000dc8       0x38 ./Drivers/STM32F1xx_HAL_Driver/Src/stm32f1xx_hal_cortex.o
 .text.__NVIC_SetPriority
                0x08000e00       0x54 ./Drivers/STM32F1xx_HAL_Driver/Src/stm32f1xx_hal_cortex.o
 .text.NVIC_EncodePriority
                0x08000e54       0x64 ./Drivers/STM32F1xx_HAL_Driver/Src/stm32f1xx_hal_cortex.o
 .text.SysTick_Config
                0x08000eb8       0x44 ./Drivers/STM32F1xx_HAL_Driver/Src/stm32f1xx_hal_cortex.o
 .text.HAL_NVIC_SetPriorityGrouping
                0x08000efc       0x16 ./Drivers/STM32F1xx_HAL_Driver/Src/stm32f1xx_hal_cortex.o
                0x08000efc                HAL_NVIC_SetPriorityGrouping
 .text.HAL_NVIC_SetPriority
                0x08000f12       0x38 ./Drivers/STM32F1xx_HAL_Driver/Src/stm32f1xx_hal_cortex.o
                0x08000f12                HAL_NVIC_SetPriority
 .text.HAL_NVIC_EnableIRQ
                0x08000f4a       0x1c ./Drivers/STM32F1xx_HAL_Driver/Src/stm32f1xx_hal_cortex.o
                0x08000f4a                HAL_NVIC_EnableIRQ
 .text.HAL_SYSTICK_Config
                0x08000f66       0x18 ./Drivers/STM32F1xx_HAL_Driver/Src/stm32f1xx_hal_cortex.o
                0x08000f66                HAL_SYSTICK_Config
 .text.HAL_DMA_Abort
                0x08000f7e       0x76 ./Drivers/STM32F1xx_HAL_Driver/Src/stm32f1xx_hal_dma.o
                0x08000f7e                HAL_DMA_Abort
 .text.HAL_DMA_Abort_IT
                0x08000ff4       0xf0 ./Drivers/STM32F1xx_HAL_Driver/Src/stm32f1xx_hal_dma.o
                0x08000ff4                HAL_DMA_Abort_IT
 .text.HAL_GPIO_Init
                0x080010e4      0x308 ./Drivers/STM32F1xx_HAL_Driver/Src/stm32f1xx_hal_gpio.o
                0x080010e4                HAL_GPIO_Init
 .text.HAL_GPIO_WritePin
                0x080013ec       0x30 ./Drivers/STM32F1xx_HAL_Driver/Src/stm32f1xx_hal_gpio.o
                0x080013ec                HAL_GPIO_WritePin
 .text.HAL_GPIO_TogglePin
                0x0800141c       0x32 ./Drivers/STM32F1xx_HAL_Driver/Src/stm32f1xx_hal_gpio.o
                0x0800141c                HAL_GPIO_TogglePin
 *fill*         0x0800144e        0x2 
 .text.HAL_I2C_Init
                0x08001450      0x288 ./Drivers/STM32F1xx_HAL_Driver/Src/stm32f1xx_hal_i2c.o
                0x08001450                HAL_I2C_Init
 .text.HAL_I2C_Master_Transmit
                0x080016d8      0x1fc ./Drivers/STM32F1xx_HAL_Driver/Src/stm32f1xx_hal_i2c.o
                0x080016d8                HAL_I2C_Master_Transmit
 .text.I2C_MasterRequestWrite
                0x080018d4      0x104 ./Drivers/STM32F1xx_HAL_Driver/Src/stm32f1xx_hal_i2c.o
 .text.I2C_WaitOnFlagUntilTimeout
                0x080019d8       0xf4 ./Drivers/STM32F1xx_HAL_Driver/Src/stm32f1xx_hal_i2c.o
 .text.I2C_WaitOnMasterAddressFlagUntilTimeout
                0x08001acc      0x140 ./Drivers/STM32F1xx_HAL_Driver/Src/stm32f1xx_hal_i2c.o
 .text.I2C_WaitOnTXEFlagUntilTimeout
                0x08001c0c       0x90 ./Drivers/STM32F1xx_HAL_Driver/Src/stm32f1xx_hal_i2c.o
 .text.I2C_WaitOnBTFFlagUntilTimeout
                0x08001c9c       0x90 ./Drivers/STM32F1xx_HAL_Driver/Src/stm32f1xx_hal_i2c.o
 .text.I2C_IsAcknowledgeFailed
                0x08001d2c       0x5c ./Drivers/STM32F1xx_HAL_Driver/Src/stm32f1xx_hal_i2c.o
 .text.HAL_RCC_OscConfig
                0x08001d88      0x504 ./Drivers/STM32F1xx_HAL_Driver/Src/stm32f1xx_hal_rcc.o
                0x08001d88                HAL_RCC_OscConfig
 .text.HAL_RCC_ClockConfig
                0x0800228c      0x1d4 ./Drivers/STM32F1xx_HAL_Driver/Src/stm32f1xx_hal_rcc.o
                0x0800228c                HAL_RCC_ClockConfig
 .text.HAL_RCC_GetSysClockFreq
                0x08002460       0xa8 ./Drivers/STM32F1xx_HAL_Driver/Src/stm32f1xx_hal_rcc.o
                0x08002460                HAL_RCC_GetSysClockFreq
 .text.HAL_RCC_GetHCLKFreq
                0x08002508       0x14 ./Drivers/STM32F1xx_HAL_Driver/Src/stm32f1xx_hal_rcc.o
                0x08002508                HAL_RCC_GetHCLKFreq
 .text.HAL_RCC_GetPCLK1Freq
                0x0800251c       0x28 ./Drivers/STM32F1xx_HAL_Driver/Src/stm32f1xx_hal_rcc.o
                0x0800251c                HAL_RCC_GetPCLK1Freq
 .text.HAL_RCC_GetPCLK2Freq
                0x08002544       0x28 ./Drivers/STM32F1xx_HAL_Driver/Src/stm32f1xx_hal_rcc.o
                0x08002544                HAL_RCC_GetPCLK2Freq
 .text.RCC_Delay
                0x0800256c       0x3c ./Drivers/STM32F1xx_HAL_Driver/Src/stm32f1xx_hal_rcc.o
 .text.HAL_UART_Init
                0x080025a8       0xa0 ./Drivers/STM32F1xx_HAL_Driver/Src/stm32f1xx_hal_uart.o
                0x080025a8                HAL_UART_Init
 .text.HAL_UART_Receive_IT
                0x08002648       0x4a ./Drivers/STM32F1xx_HAL_Driver/Src/stm32f1xx_hal_uart.o
                0x08002648                HAL_UART_Receive_IT
 *fill*         0x08002692        0x2 
 .text.HAL_UART_IRQHandler
                0x08002694      0x524 ./Drivers/STM32F1xx_HAL_Driver/Src/stm32f1xx_hal_uart.o
                0x08002694                HAL_UART_IRQHandler
 .text.HAL_UART_TxCpltCallback
                0x08002bb8       0x12 ./Drivers/STM32F1xx_HAL_Driver/Src/stm32f1xx_hal_uart.o
                0x08002bb8                HAL_UART_TxCpltCallback
 .text.HAL_UART_ErrorCallback
                0x08002bca       0x12 ./Drivers/STM32F1xx_HAL_Driver/Src/stm32f1xx_hal_uart.o
                0x08002bca                HAL_UART_ErrorCallback
 .text.HAL_UARTEx_RxEventCallback
                0x08002bdc       0x16 ./Drivers/STM32F1xx_HAL_Driver/Src/stm32f1xx_hal_uart.o
                0x08002bdc                HAL_UARTEx_RxEventCallback
 .text.UART_Start_Receive_IT
                0x08002bf2       0x72 ./Drivers/STM32F1xx_HAL_Driver/Src/stm32f1xx_hal_uart.o
                0x08002bf2                UART_Start_Receive_IT
 .text.UART_EndRxTransfer
                0x08002c64       0xc4 ./Drivers/STM32F1xx_HAL_Driver/Src/stm32f1xx_hal_uart.o
 .text.UART_DMAAbortOnError
                0x08002d28       0x28 ./Drivers/STM32F1xx_HAL_Driver/Src/stm32f1xx_hal_uart.o
 .text.UART_Transmit_IT
                0x08002d50       0x9e ./Drivers/STM32F1xx_HAL_Driver/Src/stm32f1xx_hal_uart.o
 .text.UART_EndTransmit_IT
                0x08002dee       0x30 ./Drivers/STM32F1xx_HAL_Driver/Src/stm32f1xx_hal_uart.o
 .text.UART_Receive_IT
                0x08002e1e      0x17c ./Drivers/STM32F1xx_HAL_Driver/Src/stm32f1xx_hal_uart.o
 *fill*         0x08002f9a        0x2 
 .text.UART_SetConfig
                0x08002f9c      0x11c ./Drivers/STM32F1xx_HAL_Driver/Src/stm32f1xx_hal_uart.o
 .text.osKernelInitialize
                0x080030b8       0x64 ./Middlewares/Third_Party/FreeRTOS/Source/CMSIS_RTOS_V2/cmsis_os2.o
                0x080030b8                osKernelInitialize
 .text.osKernelStart
                0x0800311c       0x68 ./Middlewares/Third_Party/FreeRTOS/Source/CMSIS_RTOS_V2/cmsis_os2.o
                0x0800311c                osKernelStart
 .text.osThreadNew
                0x08003184      0x154 ./Middlewares/Third_Party/FreeRTOS/Source/CMSIS_RTOS_V2/cmsis_os2.o
                0x08003184                osThreadNew
 .text.osDelay  0x080032d8       0x5c ./Middlewares/Third_Party/FreeRTOS/Source/CMSIS_RTOS_V2/cmsis_os2.o
                0x080032d8                osDelay
 .text.osMessageQueueNew
                0x08003334      0x10c ./Middlewares/Third_Party/FreeRTOS/Source/CMSIS_RTOS_V2/cmsis_os2.o
                0x08003334                osMessageQueueNew
 .text.osMessageQueuePut
                0x08003440       0xe8 ./Middlewares/Third_Party/FreeRTOS/Source/CMSIS_RTOS_V2/cmsis_os2.o
                0x08003440                osMessageQueuePut
 .text.osMessageQueueGet
                0x08003528       0xe4 ./Middlewares/Third_Party/FreeRTOS/Source/CMSIS_RTOS_V2/cmsis_os2.o
                0x08003528                osMessageQueueGet
 .text.vApplicationGetIdleTaskMemory
                0x0800360c       0x30 ./Middlewares/Third_Party/FreeRTOS/Source/CMSIS_RTOS_V2/cmsis_os2.o
                0x0800360c                vApplicationGetIdleTaskMemory
 .text.vApplicationGetTimerTaskMemory
                0x0800363c       0x34 ./Middlewares/Third_Party/FreeRTOS/Source/CMSIS_RTOS_V2/cmsis_os2.o
                0x0800363c                vApplicationGetTimerTaskMemory
 .text.vListInitialise
                0x08003670       0x3e ./Middlewares/Third_Party/FreeRTOS/Source/list.o
                0x08003670                vListInitialise
 .text.vListInitialiseItem
                0x080036ae       0x18 ./Middlewares/Third_Party/FreeRTOS/Source/list.o
                0x080036ae                vListInitialiseItem
 .text.vListInsertEnd
                0x080036c6       0x46 ./Middlewares/Third_Party/FreeRTOS/Source/list.o
                0x080036c6                vListInsertEnd
 .text.vListInsert
                0x0800370c       0x70 ./Middlewares/Third_Party/FreeRTOS/Source/list.o
                0x0800370c                vListInsert
 .text.uxListRemove
                0x0800377c       0x52 ./Middlewares/Third_Party/FreeRTOS/Source/list.o
                0x0800377c                uxListRemove
 *fill*         0x080037ce        0x2 
 .text.xQueueGenericReset
                0x080037d0       0xd4 ./Middlewares/Third_Party/FreeRTOS/Source/queue.o
                0x080037d0                xQueueGenericReset
 .text.xQueueGenericCreateStatic
                0x080038a4       0xf8 ./Middlewares/Third_Party/FreeRTOS/Source/queue.o
                0x080038a4                xQueueGenericCreateStatic
 .text.xQueueGenericCreate
                0x0800399c       0x7e ./Middlewares/Third_Party/FreeRTOS/Source/queue.o
                0x0800399c                xQueueGenericCreate
 .text.prvInitialiseNewQueue
                0x08003a1a       0x46 ./Middlewares/Third_Party/FreeRTOS/Source/queue.o
 .text.xQueueGenericSend
                0x08003a60      0x204 ./Middlewares/Third_Party/FreeRTOS/Source/queue.o
                0x08003a60                xQueueGenericSend
 .text.xQueueGenericSendFromISR
                0x08003c64      0x136 ./Middlewares/Third_Party/FreeRTOS/Source/queue.o
                0x08003c64                xQueueGenericSendFromISR
 *fill*         0x08003d9a        0x2 
 .text.xQueueReceive
                0x08003d9c      0x1c4 ./Middlewares/Third_Party/FreeRTOS/Source/queue.o
                0x08003d9c                xQueueReceive
 .text.xQueueReceiveFromISR
                0x08003f60      0x104 ./Middlewares/Third_Party/FreeRTOS/Source/queue.o
                0x08003f60                xQueueReceiveFromISR
 .text.prvCopyDataToQueue
                0x08004064       0xd4 ./Middlewares/Third_Party/FreeRTOS/Source/queue.o
 .text.prvCopyDataFromQueue
                0x08004138       0x4c ./Middlewares/Third_Party/FreeRTOS/Source/queue.o
 .text.prvUnlockQueue
                0x08004184       0xa4 ./Middlewares/Third_Party/FreeRTOS/Source/queue.o
 .text.prvIsQueueEmpty
                0x08004228       0x2c ./Middlewares/Third_Party/FreeRTOS/Source/queue.o
 .text.prvIsQueueFull
                0x08004254       0x30 ./Middlewares/Third_Party/FreeRTOS/Source/queue.o
 .text.vQueueAddToRegistry
                0x08004284       0x50 ./Middlewares/Third_Party/FreeRTOS/Source/queue.o
                0x08004284                vQueueAddToRegistry
 .text.vQueueWaitForMessageRestricted
                0x080042d4       0x68 ./Middlewares/Third_Party/FreeRTOS/Source/queue.o
                0x080042d4                vQueueWaitForMessageRestricted
 .text.xTaskCreateStatic
                0x0800433c       0xbe ./Middlewares/Third_Party/FreeRTOS/Source/tasks.o
                0x0800433c                xTaskCreateStatic
 .text.xTaskCreate
                0x080043fa       0x8a ./Middlewares/Third_Party/FreeRTOS/Source/tasks.o
                0x080043fa                xTaskCreate
 .text.prvInitialiseNewTask
                0x08004484      0x110 ./Middlewares/Third_Party/FreeRTOS/Source/tasks.o
 .text.prvAddNewTaskToReadyList
                0x08004594       0xe0 ./Middlewares/Third_Party/FreeRTOS/Source/tasks.o
 .text.vTaskDelay
                0x08004674       0x6c ./Middlewares/Third_Party/FreeRTOS/Source/tasks.o
                0x08004674                vTaskDelay
 .text.vTaskStartScheduler
                0x080046e0       0xd0 ./Middlewares/Third_Party/FreeRTOS/Source/tasks.o
                0x080046e0                vTaskStartScheduler
 .text.vTaskSuspendAll
                0x080047b0       0x1c ./Middlewares/Third_Party/FreeRTOS/Source/tasks.o
                0x080047b0                vTaskSuspendAll
 .text.xTaskResumeAll
                0x080047cc      0x13c ./Middlewares/Third_Party/FreeRTOS/Source/tasks.o
                0x080047cc                xTaskResumeAll
 .text.xTaskGetTickCount
                0x08004908       0x1c ./Middlewares/Third_Party/FreeRTOS/Source/tasks.o
                0x08004908                xTaskGetTickCount
 .text.xTaskIncrementTick
                0x08004924      0x180 ./Middlewares/Third_Party/FreeRTOS/Source/tasks.o
                0x08004924                xTaskIncrementTick
 .text.vTaskSwitchContext
                0x08004aa4       0xbc ./Middlewares/Third_Party/FreeRTOS/Source/tasks.o
                0x08004aa4                vTaskSwitchContext
 .text.vTaskPlaceOnEventList
                0x08004b60       0x4c ./Middlewares/Third_Party/FreeRTOS/Source/tasks.o
                0x08004b60                vTaskPlaceOnEventList
 .text.vTaskPlaceOnEventListRestricted
                0x08004bac       0x58 ./Middlewares/Third_Party/FreeRTOS/Source/tasks.o
                0x08004bac                vTaskPlaceOnEventListRestricted
 .text.xTaskRemoveFromEventList
                0x08004c04       0xc8 ./Middlewares/Third_Party/FreeRTOS/Source/tasks.o
                0x08004c04                xTaskRemoveFromEventList
 .text.vTaskInternalSetTimeOutState
                0x08004ccc       0x2c ./Middlewares/Third_Party/FreeRTOS/Source/tasks.o
                0x08004ccc                vTaskInternalSetTimeOutState
 .text.xTaskCheckForTimeOut
                0x08004cf8       0xc8 ./Middlewares/Third_Party/FreeRTOS/Source/tasks.o
                0x08004cf8                xTaskCheckForTimeOut
 .text.vTaskMissedYield
                0x08004dc0       0x18 ./Middlewares/Third_Party/FreeRTOS/Source/tasks.o
                0x08004dc0                vTaskMissedYield
 .text.prvIdleTask
                0x08004dd8       0x30 ./Middlewares/Third_Party/FreeRTOS/Source/tasks.o
 .text.prvInitialiseTaskLists
                0x08004e08       0x80 ./Middlewares/Third_Party/FreeRTOS/Source/tasks.o
 .text.prvCheckTasksWaitingTermination
                0x08004e88       0x5c ./Middlewares/Third_Party/FreeRTOS/Source/tasks.o
 .text.prvDeleteTCB
                0x08004ee4       0x60 ./Middlewares/Third_Party/FreeRTOS/Source/tasks.o
 .text.prvResetNextTaskUnblockTime
                0x08004f44       0x48 ./Middlewares/Third_Party/FreeRTOS/Source/tasks.o
 .text.xTaskGetSchedulerState
                0x08004f8c       0x3c ./Middlewares/Third_Party/FreeRTOS/Source/tasks.o
                0x08004f8c                xTaskGetSchedulerState
 .text.xTaskPriorityDisinherit
                0x08004fc8       0xe0 ./Middlewares/Third_Party/FreeRTOS/Source/tasks.o
                0x08004fc8                xTaskPriorityDisinherit
 .text.prvAddCurrentTaskToDelayedList
                0x080050a8       0xa8 ./Middlewares/Third_Party/FreeRTOS/Source/tasks.o
 .text.xTimerCreateTimerTask
                0x08005150       0x94 ./Middlewares/Third_Party/FreeRTOS/Source/timers.o
                0x08005150                xTimerCreateTimerTask
 .text.xTimerGenericCommand
                0x080051e4       0x9c ./Middlewares/Third_Party/FreeRTOS/Source/timers.o
                0x080051e4                xTimerGenericCommand
 .text.prvProcessExpiredTimer
                0x08005280       0x84 ./Middlewares/Third_Party/FreeRTOS/Source/timers.o
 .text.prvTimerTask
                0x08005304       0x26 ./Middlewares/Third_Party/FreeRTOS/Source/timers.o
 *fill*         0x0800532a        0x2 
 .text.prvProcessTimerOrBlockTask
                0x0800532c       0x9c ./Middlewares/Third_Party/FreeRTOS/Source/timers.o
 .text.prvGetNextExpireTime
                0x080053c8       0x48 ./Middlewares/Third_Party/FreeRTOS/Source/timers.o
 .text.prvSampleTimeNow
                0x08005410       0x40 ./Middlewares/Third_Party/FreeRTOS/Source/timers.o
 .text.prvInsertTimerInActiveList
                0x08005450       0x84 ./Middlewares/Third_Party/FreeRTOS/Source/timers.o
 .text.prvProcessReceivedCommands
                0x080054d4      0x178 ./Middlewares/Third_Party/FreeRTOS/Source/timers.o
 .text.prvSwitchTimerLists
                0x0800564c       0xc4 ./Middlewares/Third_Party/FreeRTOS/Source/timers.o
 .text.prvCheckForValidListAndQueue
                0x08005710       0x80 ./Middlewares/Third_Party/FreeRTOS/Source/timers.o
 .text.pxPortInitialiseStack
                0x08005790       0x58 ./Middlewares/Third_Party/FreeRTOS/Source/portable/GCC/ARM_CM3/port.o
                0x08005790                pxPortInitialiseStack
 .text.prvTaskExitError
                0x080057e8       0x58 ./Middlewares/Third_Party/FreeRTOS/Source/portable/GCC/ARM_CM3/port.o
 .text.SVC_Handler
                0x08005840       0x28 ./Middlewares/Third_Party/FreeRTOS/Source/portable/GCC/ARM_CM3/port.o
                0x08005840                SVC_Handler
 .text.prvPortStartFirstTask
                0x08005868       0x20 ./Middlewares/Third_Party/FreeRTOS/Source/portable/GCC/ARM_CM3/port.o
 .text.xPortStartScheduler
                0x08005888       0xe4 ./Middlewares/Third_Party/FreeRTOS/Source/portable/GCC/ARM_CM3/port.o
                0x08005888                xPortStartScheduler
 .text.vPortEnterCritical
                0x0800596c       0x60 ./Middlewares/Third_Party/FreeRTOS/Source/portable/GCC/ARM_CM3/port.o
                0x0800596c                vPortEnterCritical
 .text.vPortExitCritical
                0x080059cc       0x54 ./Middlewares/Third_Party/FreeRTOS/Source/portable/GCC/ARM_CM3/port.o
                0x080059cc                vPortExitCritical
 .text.PendSV_Handler
                0x08005a20       0x48 ./Middlewares/Third_Party/FreeRTOS/Source/portable/GCC/ARM_CM3/port.o
                0x08005a20                PendSV_Handler
 .text.xPortSysTickHandler
                0x08005a68       0x44 ./Middlewares/Third_Party/FreeRTOS/Source/portable/GCC/ARM_CM3/port.o
                0x08005a68                xPortSysTickHandler
 .text.vPortSetupTimerInterrupt
                0x08005aac       0x44 ./Middlewares/Third_Party/FreeRTOS/Source/portable/GCC/ARM_CM3/port.o
                0x08005aac                vPortSetupTimerInterrupt
 .text.vPortValidateInterruptPriority
                0x08005af0       0x80 ./Middlewares/Third_Party/FreeRTOS/Source/portable/GCC/ARM_CM3/port.o
                0x08005af0                vPortValidateInterruptPriority
 .text.pvPortMalloc
                0x08005b70      0x190 ./Middlewares/Third_Party/FreeRTOS/Source/portable/MemMang/heap_4.o
                0x08005b70                pvPortMalloc
 .text.vPortFree
                0x08005d00       0xb8 ./Middlewares/Third_Party/FreeRTOS/Source/portable/MemMang/heap_4.o
                0x08005d00                vPortFree
 .text.prvHeapInit
                0x08005db8       0xc4 ./Middlewares/Third_Party/FreeRTOS/Source/portable/MemMang/heap_4.o
 .text.prvInsertBlockIntoFreeList
                0x08005e7c       0xb0 ./Middlewares/Third_Party/FreeRTOS/Source/portable/MemMang/heap_4.o
 .text.memset   0x08005f2c       0x10 C:/ST/STM32CubeIDE_1.15.1/STM32CubeIDE/plugins/com.st.stm32cube.ide.mcu.externaltools.gnu-tools-for-stm32.12.3.rel1.win32_1.0.100.202403111256/tools/bin/../lib/gcc/arm-none-eabi/12.3.1/../../../../arm-none-eabi/lib/thumb/v7-m/nofp\libc_nano.a(libc_a-memset.o)
                0x08005f2c                memset
 .text.__libc_init_array
                0x08005f3c       0x48 C:/ST/STM32CubeIDE_1.15.1/STM32CubeIDE/plugins/com.st.stm32cube.ide.mcu.externaltools.gnu-tools-for-stm32.12.3.rel1.win32_1.0.100.202403111256/tools/bin/../lib/gcc/arm-none-eabi/12.3.1/../../../../arm-none-eabi/lib/thumb/v7-m/nofp\libc_nano.a(libc_a-init.o)
                0x08005f3c                __libc_init_array
 .text.memcpy   0x08005f84       0x1c C:/ST/STM32CubeIDE_1.15.1/STM32CubeIDE/plugins/com.st.stm32cube.ide.mcu.externaltools.gnu-tools-for-stm32.12.3.rel1.win32_1.0.100.202403111256/tools/bin/../lib/gcc/arm-none-eabi/12.3.1/../../../../arm-none-eabi/lib/thumb/v7-m/nofp\libc_nano.a(libc_a-memcpy-stub.o)
                0x08005f84                memcpy
 *(.glue_7)
 .glue_7        0x08005fa0        0x0 linker stubs
 *(.glue_7t)
 .glue_7t       0x08005fa0        0x0 linker stubs
 *(.eh_frame)
 .eh_frame      0x08005fa0        0x0 C:/ST/STM32CubeIDE_1.15.1/STM32CubeIDE/plugins/com.st.stm32cube.ide.mcu.externaltools.gnu-tools-for-stm32.12.3.rel1.win32_1.0.100.202403111256/tools/bin/../lib/gcc/arm-none-eabi/12.3.1/thumb/v7-m/nofp/crtbegin.o
 *(.init)
 .init          0x08005fa0        0x4 C:/ST/STM32CubeIDE_1.15.1/STM32CubeIDE/plugins/com.st.stm32cube.ide.mcu.externaltools.gnu-tools-for-stm32.12.3.rel1.win32_1.0.100.202403111256/tools/bin/../lib/gcc/arm-none-eabi/12.3.1/thumb/v7-m/nofp/crti.o
                0x08005fa0                _init
 .init          0x08005fa4        0x8 C:/ST/STM32CubeIDE_1.15.1/STM32CubeIDE/plugins/com.st.stm32cube.ide.mcu.externaltools.gnu-tools-for-stm32.12.3.rel1.win32_1.0.100.202403111256/tools/bin/../lib/gcc/arm-none-eabi/12.3.1/thumb/v7-m/nofp/crtn.o
 *(.fini)
 .fini          0x08005fac        0x4 C:/ST/STM32CubeIDE_1.15.1/STM32CubeIDE/plugins/com.st.stm32cube.ide.mcu.externaltools.gnu-tools-for-stm32.12.3.rel1.win32_1.0.100.202403111256/tools/bin/../lib/gcc/arm-none-eabi/12.3.1/thumb/v7-m/nofp/crti.o
                0x08005fac                _fini
 .fini          0x08005fb0        0x8 C:/ST/STM32CubeIDE_1.15.1/STM32CubeIDE/plugins/com.st.stm32cube.ide.mcu.externaltools.gnu-tools-for-stm32.12.3.rel1.win32_1.0.100.202403111256/tools/bin/../lib/gcc/arm-none-eabi/12.3.1/thumb/v7-m/nofp/crtn.o
                0x08005fb8                        . = ALIGN (0x4)
                0x08005fb8                        _etext = .

.vfp11_veneer   0x08005fb8        0x0
 .vfp11_veneer  0x08005fb8        0x0 linker stubs

.v4_bx          0x08005fb8        0x0
 .v4_bx         0x08005fb8        0x0 linker stubs

.iplt           0x08005fb8        0x0
 .iplt          0x08005fb8        0x0 C:/ST/STM32CubeIDE_1.15.1/STM32CubeIDE/plugins/com.st.stm32cube.ide.mcu.externaltools.gnu-tools-for-stm32.12.3.rel1.win32_1.0.100.202403111256/tools/bin/../lib/gcc/arm-none-eabi/12.3.1/thumb/v7-m/nofp/crtbegin.o

.rodata         0x08005fb8      0x45c
                0x08005fb8                        . = ALIGN (0x4)
 *(.rodata)
 .rodata        0x08005fb8       0x4c ./Core/Src/main.o
 .rodata        0x08006004        0x5 ./Core/Src/oled.o
 *fill*         0x08006009        0x3 
 .rodata        0x0800600c        0xd ./Core/Src/screentask.o
 *fill*         0x08006019        0x3 
 .rodata        0x0800601c        0x5 ./Middlewares/Third_Party/FreeRTOS/Source/tasks.o
 *fill*         0x08006021        0x3 
 .rodata        0x08006024        0xd ./Middlewares/Third_Party/FreeRTOS/Source/timers.o
 *(.rodata*)
 *fill*         0x08006031        0x3 
 .rodata.bluetoohTask_attributes
                0x08006034       0x24 ./Core/Src/main.o
                0x08006034                bluetoohTask_attributes
 .rodata.mainTask_attributes
                0x08006058       0x24 ./Core/Src/main.o
                0x08006058                mainTask_attributes
 .rodata.screenTask_attributes
                0x0800607c       0x24 ./Core/Src/main.o
                0x0800607c                screenTask_attributes
 .rodata.MainQueue_attributes
                0x080060a0       0x18 ./Core/Src/main.o
                0x080060a0                MainQueue_attributes
 .rodata.BlueQueue_attributes
                0x080060b8       0x18 ./Core/Src/main.o
                0x080060b8                BlueQueue_attributes
 .rodata.ScreenQueue_attributes
                0x080060d0       0x18 ./Core/Src/main.o
                0x080060d0                ScreenQueue_attributes
 .rodata.Fonts_10x8
                0x080060e8      0x300 ./Core/Src/oled.o
                0x080060e8                Fonts_10x8
 .rodata.AHBPrescTable
                0x080063e8       0x10 ./Core/Src/system_stm32f1xx.o
                0x080063e8                AHBPrescTable
 .rodata.APBPrescTable
                0x080063f8        0x8 ./Core/Src/system_stm32f1xx.o
                0x080063f8                APBPrescTable
 .rodata.aPLLMULFactorTable.1
                0x08006400       0x10 ./Drivers/STM32F1xx_HAL_Driver/Src/stm32f1xx_hal_rcc.o
 .rodata.aPredivFactorTable.0
                0x08006410        0x2 ./Drivers/STM32F1xx_HAL_Driver/Src/stm32f1xx_hal_rcc.o
                0x08006414                        . = ALIGN (0x4)
 *fill*         0x08006412        0x2 

.ARM.extab      0x08006414        0x0
                0x08006414                        . = ALIGN (0x4)
 *(.ARM.extab* .gnu.linkonce.armextab.*)
                0x08006414                        . = ALIGN (0x4)

.ARM            0x08006414        0x0
                0x08006414                        . = ALIGN (0x4)
                0x08006414                        __exidx_start = .
 *(.ARM.exidx*)
                0x08006414                        __exidx_end = .
                0x08006414                        . = ALIGN (0x4)

.preinit_array  0x08006414        0x0
                0x08006414                        . = ALIGN (0x4)
                0x08006414                        PROVIDE (__preinit_array_start = .)
 *(.preinit_array*)
                0x08006414                        PROVIDE (__preinit_array_end = .)
                0x08006414                        . = ALIGN (0x4)

.init_array     0x08006414        0x4
                0x08006414                        . = ALIGN (0x4)
                0x08006414                        PROVIDE (__init_array_start = .)
 *(SORT_BY_NAME(.init_array.*))
 *(.init_array*)
 .init_array    0x08006414        0x4 C:/ST/STM32CubeIDE_1.15.1/STM32CubeIDE/plugins/com.st.stm32cube.ide.mcu.externaltools.gnu-tools-for-stm32.12.3.rel1.win32_1.0.100.202403111256/tools/bin/../lib/gcc/arm-none-eabi/12.3.1/thumb/v7-m/nofp/crtbegin.o
                0x08006418                        PROVIDE (__init_array_end = .)
                0x08006418                        . = ALIGN (0x4)

.fini_array     0x08006418        0x4
                0x08006418                        . = ALIGN (0x4)
                [!provide]                        PROVIDE (__fini_array_start = .)
 *(SORT_BY_NAME(.fini_array.*))
 *(.fini_array*)
 .fini_array    0x08006418        0x4 C:/ST/STM32CubeIDE_1.15.1/STM32CubeIDE/plugins/com.st.stm32cube.ide.mcu.externaltools.gnu-tools-for-stm32.12.3.rel1.win32_1.0.100.202403111256/tools/bin/../lib/gcc/arm-none-eabi/12.3.1/thumb/v7-m/nofp/crtbegin.o
                [!provide]                        PROVIDE (__fini_array_end = .)
                0x0800641c                        . = ALIGN (0x4)
                0x0800641c                        _sidata = LOADADDR (.data)

.rel.dyn        0x0800641c        0x0
 .rel.iplt      0x0800641c        0x0 C:/ST/STM32CubeIDE_1.15.1/STM32CubeIDE/plugins/com.st.stm32cube.ide.mcu.externaltools.gnu-tools-for-stm32.12.3.rel1.win32_1.0.100.202403111256/tools/bin/../lib/gcc/arm-none-eabi/12.3.1/thumb/v7-m/nofp/crtbegin.o

.data           0x20000000      0x1a8 load address 0x0800641c
                0x20000000                        . = ALIGN (0x4)
                0x20000000                        _sdata = .
 *(.data)
 *(.data*)
 .data.logo_bmp
                0x20000000      0x192 ./Core/Src/oled.o
                0x20000000                logo_bmp
 *fill*         0x20000192        0x2 
 .data.y        0x20000194        0x4 ./Core/Src/screentask.o
 .data.SystemCoreClock
                0x20000198        0x4 ./Core/Src/system_stm32f1xx.o
                0x20000198                SystemCoreClock
 .data.uwTickPrio
                0x2000019c        0x4 ./Drivers/STM32F1xx_HAL_Driver/Src/stm32f1xx_hal.o
                0x2000019c                uwTickPrio
 .data.uwTickFreq
                0x200001a0        0x1 ./Drivers/STM32F1xx_HAL_Driver/Src/stm32f1xx_hal.o
                0x200001a0                uwTickFreq
 *fill*         0x200001a1        0x3 
 .data.uxCriticalNesting
                0x200001a4        0x4 ./Middlewares/Third_Party/FreeRTOS/Source/portable/GCC/ARM_CM3/port.o
 *(.RamFunc)
 *(.RamFunc*)
                0x200001a8                        . = ALIGN (0x4)
                0x200001a8                        _edata = .

.igot.plt       0x200001a8        0x0 load address 0x080065c4
 .igot.plt      0x200001a8        0x0 C:/ST/STM32CubeIDE_1.15.1/STM32CubeIDE/plugins/com.st.stm32cube.ide.mcu.externaltools.gnu-tools-for-stm32.12.3.rel1.win32_1.0.100.202403111256/tools/bin/../lib/gcc/arm-none-eabi/12.3.1/thumb/v7-m/nofp/crtbegin.o
                0x200001a8                        . = ALIGN (0x4)

.bss            0x200001a8     0x1e48 load address 0x080065c4
                0x200001a8                        _sbss = .
                0x200001a8                        __bss_start__ = _sbss
 *(.bss)
 .bss           0x200001a8       0x1c C:/ST/STM32CubeIDE_1.15.1/STM32CubeIDE/plugins/com.st.stm32cube.ide.mcu.externaltools.gnu-tools-for-stm32.12.3.rel1.win32_1.0.100.202403111256/tools/bin/../lib/gcc/arm-none-eabi/12.3.1/thumb/v7-m/nofp/crtbegin.o
 *(.bss*)
 .bss.rx_data   0x200001c4        0x1 ./Core/Src/main.o
                0x200001c4                rx_data
 *fill*         0x200001c5        0x3 
 .bss.hi2c1     0x200001c8       0x54 ./Core/Src/main.o
                0x200001c8                hi2c1
 .bss.huart1    0x2000021c       0x48 ./Core/Src/main.o
                0x2000021c                huart1
 .bss.bluetoohTaskHandle
                0x20000264        0x4 ./Core/Src/main.o
                0x20000264                bluetoohTaskHandle
 .bss.mainTaskHandle
                0x20000268        0x4 ./Core/Src/main.o
                0x20000268                mainTaskHandle
 .bss.screenTaskHandle
                0x2000026c        0x4 ./Core/Src/main.o
                0x2000026c                screenTaskHandle
 .bss.MainQueueHandle
                0x20000270        0x4 ./Core/Src/main.o
                0x20000270                MainQueueHandle
 .bss.BlueQueueHandle
                0x20000274        0x4 ./Core/Src/main.o
                0x20000274                BlueQueueHandle
 .bss.ScreenQueueHandle
                0x20000278        0x4 ./Core/Src/main.o
                0x20000278                ScreenQueueHandle
 .bss.screenBuff
                0x2000027c      0x400 ./Core/Src/oled.o
                0x2000027c                screenBuff
 .bss.cmdBuff   0x2000067c       0x20 ./Core/Src/oled.o
                0x2000067c                cmdBuff
 .bss.i2c1      0x2000069c        0x4 ./Core/Src/oled.o
                0x2000069c                i2c1
 .bss.x         0x200006a0        0x4 ./Core/Src/screentask.o
 .bss.uwTick    0x200006a4        0x4 ./Drivers/STM32F1xx_HAL_Driver/Src/stm32f1xx_hal.o
                0x200006a4                uwTick
 .bss.KernelState
                0x200006a8        0x4 ./Middlewares/Third_Party/FreeRTOS/Source/CMSIS_RTOS_V2/cmsis_os2.o
 .bss.Idle_TCB  0x200006ac       0x5c ./Middlewares/Third_Party/FreeRTOS/Source/CMSIS_RTOS_V2/cmsis_os2.o
 .bss.Idle_Stack
                0x20000708      0x200 ./Middlewares/Third_Party/FreeRTOS/Source/CMSIS_RTOS_V2/cmsis_os2.o
 .bss.Timer_TCB
                0x20000908       0x5c ./Middlewares/Third_Party/FreeRTOS/Source/CMSIS_RTOS_V2/cmsis_os2.o
 .bss.Timer_Stack
                0x20000964      0x400 ./Middlewares/Third_Party/FreeRTOS/Source/CMSIS_RTOS_V2/cmsis_os2.o
 .bss.xQueueRegistry
                0x20000d64       0x40 ./Middlewares/Third_Party/FreeRTOS/Source/queue.o
                0x20000d64                xQueueRegistry
 .bss.pxCurrentTCB
                0x20000da4        0x4 ./Middlewares/Third_Party/FreeRTOS/Source/tasks.o
                0x20000da4                pxCurrentTCB
 .bss.pxReadyTasksLists
                0x20000da8      0x460 ./Middlewares/Third_Party/FreeRTOS/Source/tasks.o
 .bss.xDelayedTaskList1
                0x20001208       0x14 ./Middlewares/Third_Party/FreeRTOS/Source/tasks.o
 .bss.xDelayedTaskList2
                0x2000121c       0x14 ./Middlewares/Third_Party/FreeRTOS/Source/tasks.o
 .bss.pxDelayedTaskList
                0x20001230        0x4 ./Middlewares/Third_Party/FreeRTOS/Source/tasks.o
 .bss.pxOverflowDelayedTaskList
                0x20001234        0x4 ./Middlewares/Third_Party/FreeRTOS/Source/tasks.o
 .bss.xPendingReadyList
                0x20001238       0x14 ./Middlewares/Third_Party/FreeRTOS/Source/tasks.o
 .bss.xTasksWaitingTermination
                0x2000124c       0x14 ./Middlewares/Third_Party/FreeRTOS/Source/tasks.o
 .bss.uxDeletedTasksWaitingCleanUp
                0x20001260        0x4 ./Middlewares/Third_Party/FreeRTOS/Source/tasks.o
 .bss.xSuspendedTaskList
                0x20001264       0x14 ./Middlewares/Third_Party/FreeRTOS/Source/tasks.o
 .bss.uxCurrentNumberOfTasks
                0x20001278        0x4 ./Middlewares/Third_Party/FreeRTOS/Source/tasks.o
 .bss.xTickCount
                0x2000127c        0x4 ./Middlewares/Third_Party/FreeRTOS/Source/tasks.o
 .bss.uxTopReadyPriority
                0x20001280        0x4 ./Middlewares/Third_Party/FreeRTOS/Source/tasks.o
 .bss.xSchedulerRunning
                0x20001284        0x4 ./Middlewares/Third_Party/FreeRTOS/Source/tasks.o
 .bss.uxPendedTicks
                0x20001288        0x4 ./Middlewares/Third_Party/FreeRTOS/Source/tasks.o
 .bss.xYieldPending
                0x2000128c        0x4 ./Middlewares/Third_Party/FreeRTOS/Source/tasks.o
 .bss.xNumOfOverflows
                0x20001290        0x4 ./Middlewares/Third_Party/FreeRTOS/Source/tasks.o
 .bss.uxTaskNumber
                0x20001294        0x4 ./Middlewares/Third_Party/FreeRTOS/Source/tasks.o
 .bss.xNextTaskUnblockTime
                0x20001298        0x4 ./Middlewares/Third_Party/FreeRTOS/Source/tasks.o
 .bss.xIdleTaskHandle
                0x2000129c        0x4 ./Middlewares/Third_Party/FreeRTOS/Source/tasks.o
 .bss.uxSchedulerSuspended
                0x200012a0        0x4 ./Middlewares/Third_Party/FreeRTOS/Source/tasks.o
 .bss.xActiveTimerList1
                0x200012a4       0x14 ./Middlewares/Third_Party/FreeRTOS/Source/timers.o
 .bss.xActiveTimerList2
                0x200012b8       0x14 ./Middlewares/Third_Party/FreeRTOS/Source/timers.o
 .bss.pxCurrentTimerList
                0x200012cc        0x4 ./Middlewares/Third_Party/FreeRTOS/Source/timers.o
 .bss.pxOverflowTimerList
                0x200012d0        0x4 ./Middlewares/Third_Party/FreeRTOS/Source/timers.o
 .bss.xTimerQueue
                0x200012d4        0x4 ./Middlewares/Third_Party/FreeRTOS/Source/timers.o
 .bss.xTimerTaskHandle
                0x200012d8        0x4 ./Middlewares/Third_Party/FreeRTOS/Source/timers.o
 .bss.xLastTime.2
                0x200012dc        0x4 ./Middlewares/Third_Party/FreeRTOS/Source/timers.o
 .bss.ucStaticTimerQueueStorage.1
                0x200012e0       0xa0 ./Middlewares/Third_Party/FreeRTOS/Source/timers.o
 .bss.xStaticTimerQueue.0
                0x20001380       0x50 ./Middlewares/Third_Party/FreeRTOS/Source/timers.o
 .bss.ucMaxSysCallPriority
                0x200013d0        0x1 ./Middlewares/Third_Party/FreeRTOS/Source/portable/GCC/ARM_CM3/port.o
 *fill*         0x200013d1        0x3 
 .bss.ulMaxPRIGROUPValue
                0x200013d4        0x4 ./Middlewares/Third_Party/FreeRTOS/Source/portable/GCC/ARM_CM3/port.o
 .bss.ucHeap    0x200013d8      0xc00 ./Middlewares/Third_Party/FreeRTOS/Source/portable/MemMang/heap_4.o
 .bss.xStart    0x20001fd8        0x8 ./Middlewares/Third_Party/FreeRTOS/Source/portable/MemMang/heap_4.o
 .bss.pxEnd     0x20001fe0        0x4 ./Middlewares/Third_Party/FreeRTOS/Source/portable/MemMang/heap_4.o
 .bss.xFreeBytesRemaining
                0x20001fe4        0x4 ./Middlewares/Third_Party/FreeRTOS/Source/portable/MemMang/heap_4.o
 .bss.xMinimumEverFreeBytesRemaining
                0x20001fe8        0x4 ./Middlewares/Third_Party/FreeRTOS/Source/portable/MemMang/heap_4.o
 .bss.xBlockAllocatedBit
                0x20001fec        0x4 ./Middlewares/Third_Party/FreeRTOS/Source/portable/MemMang/heap_4.o
 *(COMMON)
                0x20001ff0                        . = ALIGN (0x4)
                0x20001ff0                        _ebss = .
                0x20001ff0                        __bss_end__ = _ebss

._user_heap_stack
                0x20001ff0      0x600 load address 0x080065c4
                0x20001ff0                        . = ALIGN (0x8)
                [!provide]                        PROVIDE (end = .)
                0x20001ff0                        PROVIDE (_end = .)
                0x200021f0                        . = (. + _Min_Heap_Size)
 *fill*         0x20001ff0      0x200 
                0x200025f0                        . = (. + _Min_Stack_Size)
 *fill*         0x200021f0      0x400 
                0x200025f0                        . = ALIGN (0x8)

/DISCARD/
 libc.a(*)
 libm.a(*)
 libgcc.a(*)

.ARM.attributes
                0x00000000       0x29
 *(.ARM.attributes)
 .ARM.attributes
                0x00000000       0x1d C:/ST/STM32CubeIDE_1.15.1/STM32CubeIDE/plugins/com.st.stm32cube.ide.mcu.externaltools.gnu-tools-for-stm32.12.3.rel1.win32_1.0.100.202403111256/tools/bin/../lib/gcc/arm-none-eabi/12.3.1/thumb/v7-m/nofp/crti.o
 .ARM.attributes
                0x0000001d       0x2d C:/ST/STM32CubeIDE_1.15.1/STM32CubeIDE/plugins/com.st.stm32cube.ide.mcu.externaltools.gnu-tools-for-stm32.12.3.rel1.win32_1.0.100.202403111256/tools/bin/../lib/gcc/arm-none-eabi/12.3.1/thumb/v7-m/nofp/crtbegin.o
 .ARM.attributes
                0x0000004a       0x2d ./Core/Src/bluetask.o
 .ARM.attributes
                0x00000077       0x2d ./Core/Src/main.o
 .ARM.attributes
                0x000000a4       0x2d ./Core/Src/maintask.o
 .ARM.attributes
                0x000000d1       0x2d ./Core/Src/oled.o
 .ARM.attributes
                0x000000fe       0x2d ./Core/Src/screentask.o
 .ARM.attributes
                0x0000012b       0x2d ./Core/Src/stm32f1xx_hal_msp.o
 .ARM.attributes
                0x00000158       0x2d ./Core/Src/stm32f1xx_it.o
 .ARM.attributes
                0x00000185       0x2d ./Core/Src/system_stm32f1xx.o
 .ARM.attributes
                0x000001b2       0x21 ./Core/Startup/startup_stm32f103c8tx.o
 .ARM.attributes
                0x000001d3       0x2d ./Drivers/STM32F1xx_HAL_Driver/Src/stm32f1xx_hal.o
 .ARM.attributes
                0x00000200       0x2d ./Drivers/STM32F1xx_HAL_Driver/Src/stm32f1xx_hal_cortex.o
 .ARM.attributes
                0x0000022d       0x2d ./Drivers/STM32F1xx_HAL_Driver/Src/stm32f1xx_hal_dma.o
 .ARM.attributes
                0x0000025a       0x2d ./Drivers/STM32F1xx_HAL_Driver/Src/stm32f1xx_hal_gpio.o
 .ARM.attributes
                0x00000287       0x2d ./Drivers/STM32F1xx_HAL_Driver/Src/stm32f1xx_hal_i2c.o
 .ARM.attributes
                0x000002b4       0x2d ./Drivers/STM32F1xx_HAL_Driver/Src/stm32f1xx_hal_rcc.o
 .ARM.attributes
                0x000002e1       0x2d ./Drivers/STM32F1xx_HAL_Driver/Src/stm32f1xx_hal_uart.o
 .ARM.attributes
                0x0000030e       0x2d ./Middlewares/Third_Party/FreeRTOS/Source/CMSIS_RTOS_V2/cmsis_os2.o
 .ARM.attributes
                0x0000033b       0x2d ./Middlewares/Third_Party/FreeRTOS/Source/list.o
 .ARM.attributes
                0x00000368       0x2d ./Middlewares/Third_Party/FreeRTOS/Source/queue.o
 .ARM.attributes
                0x00000395       0x2d ./Middlewares/Third_Party/FreeRTOS/Source/tasks.o
 .ARM.attributes
                0x000003c2       0x2d ./Middlewares/Third_Party/FreeRTOS/Source/timers.o
 .ARM.attributes
                0x000003ef       0x2d ./Middlewares/Third_Party/FreeRTOS/Source/portable/GCC/ARM_CM3/port.o
 .ARM.attributes
                0x0000041c       0x2d ./Middlewares/Third_Party/FreeRTOS/Source/portable/MemMang/heap_4.o
 .ARM.attributes
                0x00000449       0x2d C:/ST/STM32CubeIDE_1.15.1/STM32CubeIDE/plugins/com.st.stm32cube.ide.mcu.externaltools.gnu-tools-for-stm32.12.3.rel1.win32_1.0.100.202403111256/tools/bin/../lib/gcc/arm-none-eabi/12.3.1/../../../../arm-none-eabi/lib/thumb/v7-m/nofp\libc_nano.a(libc_a-memset.o)
 .ARM.attributes
                0x00000476       0x2d C:/ST/STM32CubeIDE_1.15.1/STM32CubeIDE/plugins/com.st.stm32cube.ide.mcu.externaltools.gnu-tools-for-stm32.12.3.rel1.win32_1.0.100.202403111256/tools/bin/../lib/gcc/arm-none-eabi/12.3.1/../../../../arm-none-eabi/lib/thumb/v7-m/nofp\libc_nano.a(libc_a-init.o)
 .ARM.attributes
                0x000004a3       0x2d C:/ST/STM32CubeIDE_1.15.1/STM32CubeIDE/plugins/com.st.stm32cube.ide.mcu.externaltools.gnu-tools-for-stm32.12.3.rel1.win32_1.0.100.202403111256/tools/bin/../lib/gcc/arm-none-eabi/12.3.1/../../../../arm-none-eabi/lib/thumb/v7-m/nofp\libc_nano.a(libc_a-memcpy-stub.o)
 .ARM.attributes
                0x000004d0       0x1d C:/ST/STM32CubeIDE_1.15.1/STM32CubeIDE/plugins/com.st.stm32cube.ide.mcu.externaltools.gnu-tools-for-stm32.12.3.rel1.win32_1.0.100.202403111256/tools/bin/../lib/gcc/arm-none-eabi/12.3.1/thumb/v7-m/nofp/crtn.o
OUTPUT(buletooth.elf elf32-littlearm)
LOAD linker stubs
LOAD C:/ST/STM32CubeIDE_1.15.1/STM32CubeIDE/plugins/com.st.stm32cube.ide.mcu.externaltools.gnu-tools-for-stm32.12.3.rel1.win32_1.0.100.202403111256/tools/bin/../lib/gcc/arm-none-eabi/12.3.1/../../../../arm-none-eabi/lib/thumb/v7-m/nofp\libc.a
LOAD C:/ST/STM32CubeIDE_1.15.1/STM32CubeIDE/plugins/com.st.stm32cube.ide.mcu.externaltools.gnu-tools-for-stm32.12.3.rel1.win32_1.0.100.202403111256/tools/bin/../lib/gcc/arm-none-eabi/12.3.1/../../../../arm-none-eabi/lib/thumb/v7-m/nofp\libm.a
LOAD C:/ST/STM32CubeIDE_1.15.1/STM32CubeIDE/plugins/com.st.stm32cube.ide.mcu.externaltools.gnu-tools-for-stm32.12.3.rel1.win32_1.0.100.202403111256/tools/bin/../lib/gcc/arm-none-eabi/12.3.1/thumb/v7-m/nofp\libgcc.a

.debug_info     0x00000000    0x1443a
 .debug_info    0x00000000      0x120 ./Core/Src/bluetask.o
 .debug_info    0x00000120     0x117d ./Core/Src/main.o
 .debug_info    0x0000129d      0x1c6 ./Core/Src/maintask.o
 .debug_info    0x00001463      0xa0f ./Core/Src/oled.o
 .debug_info    0x00001e72      0x22e ./Core/Src/screentask.o
 .debug_info    0x000020a0      0xca2 ./Core/Src/stm32f1xx_hal_msp.o
 .debug_info    0x00002d42      0x5f3 ./Core/Src/stm32f1xx_it.o
 .debug_info    0x00003335      0x222 ./Core/Src/system_stm32f1xx.o
 .debug_info    0x00003557       0x30 ./Core/Startup/startup_stm32f103c8tx.o
 .debug_info    0x00003587      0x704 ./Drivers/STM32F1xx_HAL_Driver/Src/stm32f1xx_hal.o
 .debug_info    0x00003c8b      0xa87 ./Drivers/STM32F1xx_HAL_Driver/Src/stm32f1xx_hal_cortex.o
 .debug_info    0x00004712      0x6d2 ./Drivers/STM32F1xx_HAL_Driver/Src/stm32f1xx_hal_dma.o
 .debug_info    0x00004de4      0x5ab ./Drivers/STM32F1xx_HAL_Driver/Src/stm32f1xx_hal_gpio.o
 .debug_info    0x0000538f     0x2515 ./Drivers/STM32F1xx_HAL_Driver/Src/stm32f1xx_hal_i2c.o
 .debug_info    0x000078a4      0x7d5 ./Drivers/STM32F1xx_HAL_Driver/Src/stm32f1xx_hal_rcc.o
 .debug_info    0x00008079     0x2fa8 ./Drivers/STM32F1xx_HAL_Driver/Src/stm32f1xx_hal_uart.o
 .debug_info    0x0000b021     0x39bf ./Middlewares/Third_Party/FreeRTOS/Source/CMSIS_RTOS_V2/cmsis_os2.o
 .debug_info    0x0000e9e0      0x2aa ./Middlewares/Third_Party/FreeRTOS/Source/list.o
 .debug_info    0x0000ec8a     0x1abf ./Middlewares/Third_Party/FreeRTOS/Source/queue.o
 .debug_info    0x00010749     0x20e5 ./Middlewares/Third_Party/FreeRTOS/Source/tasks.o
 .debug_info    0x0001282e     0x13b5 ./Middlewares/Third_Party/FreeRTOS/Source/timers.o
 .debug_info    0x00013be3      0x494 ./Middlewares/Third_Party/FreeRTOS/Source/portable/GCC/ARM_CM3/port.o
 .debug_info    0x00014077      0x3c3 ./Middlewares/Third_Party/FreeRTOS/Source/portable/MemMang/heap_4.o

.debug_abbrev   0x00000000     0x31ce
 .debug_abbrev  0x00000000       0xb8 ./Core/Src/bluetask.o
 .debug_abbrev  0x000000b8      0x25d ./Core/Src/main.o
 .debug_abbrev  0x00000315      0x121 ./Core/Src/maintask.o
 .debug_abbrev  0x00000436      0x25e ./Core/Src/oled.o
 .debug_abbrev  0x00000694      0x133 ./Core/Src/screentask.o
 .debug_abbrev  0x000007c7      0x1ca ./Core/Src/stm32f1xx_hal_msp.o
 .debug_abbrev  0x00000991      0x19e ./Core/Src/stm32f1xx_it.o
 .debug_abbrev  0x00000b2f      0x13f ./Core/Src/system_stm32f1xx.o
 .debug_abbrev  0x00000c6e       0x24 ./Core/Startup/startup_stm32f103c8tx.o
 .debug_abbrev  0x00000c92      0x201 ./Drivers/STM32F1xx_HAL_Driver/Src/stm32f1xx_hal.o
 .debug_abbrev  0x00000e93      0x2f8 ./Drivers/STM32F1xx_HAL_Driver/Src/stm32f1xx_hal_cortex.o
 .debug_abbrev  0x0000118b      0x20b ./Drivers/STM32F1xx_HAL_Driver/Src/stm32f1xx_hal_dma.o
 .debug_abbrev  0x00001396      0x1ca ./Drivers/STM32F1xx_HAL_Driver/Src/stm32f1xx_hal_gpio.o
 .debug_abbrev  0x00001560      0x2a3 ./Drivers/STM32F1xx_HAL_Driver/Src/stm32f1xx_hal_i2c.o
 .debug_abbrev  0x00001803      0x2b3 ./Drivers/STM32F1xx_HAL_Driver/Src/stm32f1xx_hal_rcc.o
 .debug_abbrev  0x00001ab6      0x2f8 ./Drivers/STM32F1xx_HAL_Driver/Src/stm32f1xx_hal_uart.o
 .debug_abbrev  0x00001dae      0x433 ./Middlewares/Third_Party/FreeRTOS/Source/CMSIS_RTOS_V2/cmsis_os2.o
 .debug_abbrev  0x000021e1       0xf5 ./Middlewares/Third_Party/FreeRTOS/Source/list.o
 .debug_abbrev  0x000022d6      0x3ce ./Middlewares/Third_Party/FreeRTOS/Source/queue.o
 .debug_abbrev  0x000026a4      0x385 ./Middlewares/Third_Party/FreeRTOS/Source/tasks.o
 .debug_abbrev  0x00002a29      0x348 ./Middlewares/Third_Party/FreeRTOS/Source/timers.o
 .debug_abbrev  0x00002d71      0x258 ./Middlewares/Third_Party/FreeRTOS/Source/portable/GCC/ARM_CM3/port.o
 .debug_abbrev  0x00002fc9      0x205 ./Middlewares/Third_Party/FreeRTOS/Source/portable/MemMang/heap_4.o

.debug_aranges  0x00000000     0x1170
 .debug_aranges
                0x00000000       0x20 ./Core/Src/bluetask.o
 .debug_aranges
                0x00000020       0x50 ./Core/Src/main.o
 .debug_aranges
                0x00000070       0x20 ./Core/Src/maintask.o
 .debug_aranges
                0x00000090       0x78 ./Core/Src/oled.o
 .debug_aranges
                0x00000108       0x28 ./Core/Src/screentask.o
 .debug_aranges
                0x00000130       0x40 ./Core/Src/stm32f1xx_hal_msp.o
 .debug_aranges
                0x00000170       0x58 ./Core/Src/stm32f1xx_it.o
 .debug_aranges
                0x000001c8       0x28 ./Core/Src/system_stm32f1xx.o
 .debug_aranges
                0x000001f0       0x28 ./Core/Startup/startup_stm32f103c8tx.o
 .debug_aranges
                0x00000218       0xe0 ./Drivers/STM32F1xx_HAL_Driver/Src/stm32f1xx_hal.o
 .debug_aranges
                0x000002f8      0x100 ./Drivers/STM32F1xx_HAL_Driver/Src/stm32f1xx_hal_cortex.o
 .debug_aranges
                0x000003f8       0x80 ./Drivers/STM32F1xx_HAL_Driver/Src/stm32f1xx_hal_dma.o
 .debug_aranges
                0x00000478       0x58 ./Drivers/STM32F1xx_HAL_Driver/Src/stm32f1xx_hal_gpio.o
 .debug_aranges
                0x000004d0      0x2a8 ./Drivers/STM32F1xx_HAL_Driver/Src/stm32f1xx_hal_i2c.o
 .debug_aranges
                0x00000778       0x90 ./Drivers/STM32F1xx_HAL_Driver/Src/stm32f1xx_hal_rcc.o
 .debug_aranges
                0x00000808      0x208 ./Drivers/STM32F1xx_HAL_Driver/Src/stm32f1xx_hal_uart.o
 .debug_aranges
                0x00000a10      0x228 ./Middlewares/Third_Party/FreeRTOS/Source/CMSIS_RTOS_V2/cmsis_os2.o
 .debug_aranges
                0x00000c38       0x40 ./Middlewares/Third_Party/FreeRTOS/Source/list.o
 .debug_aranges
                0x00000c78      0x158 ./Middlewares/Third_Party/FreeRTOS/Source/queue.o
 .debug_aranges
                0x00000dd0      0x1f8 ./Middlewares/Third_Party/FreeRTOS/Source/tasks.o
 .debug_aranges
                0x00000fc8       0xe0 ./Middlewares/Third_Party/FreeRTOS/Source/timers.o
 .debug_aranges
                0x000010a8       0x78 ./Middlewares/Third_Party/FreeRTOS/Source/portable/GCC/ARM_CM3/port.o
 .debug_aranges
                0x00001120       0x50 ./Middlewares/Third_Party/FreeRTOS/Source/portable/MemMang/heap_4.o

.debug_rnglists
                0x00000000      0xd8e
 .debug_rnglists
                0x00000000       0x13 ./Core/Src/bluetask.o
 .debug_rnglists
                0x00000013       0x39 ./Core/Src/main.o
 .debug_rnglists
                0x0000004c       0x13 ./Core/Src/maintask.o
 .debug_rnglists
                0x0000005f       0x5b ./Core/Src/oled.o
 .debug_rnglists
                0x000000ba       0x1a ./Core/Src/screentask.o
 .debug_rnglists
                0x000000d4       0x2c ./Core/Src/stm32f1xx_hal_msp.o
 .debug_rnglists
                0x00000100       0x3d ./Core/Src/stm32f1xx_it.o
 .debug_rnglists
                0x0000013d       0x1a ./Core/Src/system_stm32f1xx.o
 .debug_rnglists
                0x00000157       0x19 ./Core/Startup/startup_stm32f103c8tx.o
 .debug_rnglists
                0x00000170       0xa3 ./Drivers/STM32F1xx_HAL_Driver/Src/stm32f1xx_hal.o
 .debug_rnglists
                0x00000213       0xbb ./Drivers/STM32F1xx_HAL_Driver/Src/stm32f1xx_hal_cortex.o
 .debug_rnglists
                0x000002ce       0x64 ./Drivers/STM32F1xx_HAL_Driver/Src/stm32f1xx_hal_dma.o
 .debug_rnglists
                0x00000332       0x3f ./Drivers/STM32F1xx_HAL_Driver/Src/stm32f1xx_hal_gpio.o
 .debug_rnglists
                0x00000371      0x23c ./Drivers/STM32F1xx_HAL_Driver/Src/stm32f1xx_hal_i2c.o
 .debug_rnglists
                0x000005ad       0x6c ./Drivers/STM32F1xx_HAL_Driver/Src/stm32f1xx_hal_rcc.o
 .debug_rnglists
                0x00000619      0x1bc ./Drivers/STM32F1xx_HAL_Driver/Src/stm32f1xx_hal_uart.o
 .debug_rnglists
                0x000007d5      0x1b4 ./Middlewares/Third_Party/FreeRTOS/Source/CMSIS_RTOS_V2/cmsis_os2.o
 .debug_rnglists
                0x00000989       0x2b ./Middlewares/Third_Party/FreeRTOS/Source/list.o
 .debug_rnglists
                0x000009b4      0x109 ./Middlewares/Third_Party/FreeRTOS/Source/queue.o
 .debug_rnglists
                0x00000abd      0x194 ./Middlewares/Third_Party/FreeRTOS/Source/tasks.o
 .debug_rnglists
                0x00000c51       0xab ./Middlewares/Third_Party/FreeRTOS/Source/timers.o
 .debug_rnglists
                0x00000cfc       0x57 ./Middlewares/Third_Party/FreeRTOS/Source/portable/GCC/ARM_CM3/port.o
 .debug_rnglists
                0x00000d53       0x3b ./Middlewares/Third_Party/FreeRTOS/Source/portable/MemMang/heap_4.o

.debug_macro    0x00000000     0x5213
 .debug_macro   0x00000000       0xe4 ./Core/Src/bluetask.o
 .debug_macro   0x000000e4      0xaa8 ./Core/Src/bluetask.o
 .debug_macro   0x00000b8c       0x5b ./Core/Src/bluetask.o
 .debug_macro   0x00000be7       0x10 ./Core/Src/bluetask.o
 .debug_macro   0x00000bf7       0x22 ./Core/Src/bluetask.o
 .debug_macro   0x00000c19       0x8e ./Core/Src/bluetask.o
 .debug_macro   0x00000ca7       0x51 ./Core/Src/bluetask.o
 .debug_macro   0x00000cf8      0x103 ./Core/Src/bluetask.o
 .debug_macro   0x00000dfb       0x6a ./Core/Src/bluetask.o
 .debug_macro   0x00000e65      0x1df ./Core/Src/bluetask.o
 .debug_macro   0x00001044      0x189 ./Core/Src/bluetask.o
 .debug_macro   0x000011cd       0x74 ./Core/Src/bluetask.o
 .debug_macro   0x00001241      0x11c ./Core/Src/bluetask.o
 .debug_macro   0x0000135d      0x15a ./Core/Src/bluetask.o
 .debug_macro   0x000014b7       0xc2 ./Core/Src/bluetask.o
 .debug_macro   0x00001579       0x10 ./Core/Src/bluetask.o
 .debug_macro   0x00001589       0x1f ./Core/Src/bluetask.o
 .debug_macro   0x000015a8      0x47f ./Core/Src/bluetask.o
 .debug_macro   0x00001a27       0xdd ./Core/Src/bluetask.o
 .debug_macro   0x00001b04      0x31d ./Core/Src/main.o
 .debug_macro   0x00001e21      0x11c ./Core/Src/main.o
 .debug_macro   0x00001f3d       0x61 ./Core/Src/main.o
 .debug_macro   0x00001f9e       0x24 ./Core/Src/main.o
 .debug_macro   0x00001fc2       0x43 ./Core/Src/main.o
 .debug_macro   0x00002005       0x34 ./Core/Src/main.o
 .debug_macro   0x00002039       0x16 ./Core/Src/main.o
 .debug_macro   0x0000204f       0x43 ./Core/Src/main.o
 .debug_macro   0x00002092       0x34 ./Core/Src/main.o
 .debug_macro   0x000020c6       0x10 ./Core/Src/main.o
 .debug_macro   0x000020d6       0x58 ./Core/Src/main.o
 .debug_macro   0x0000212e       0x8e ./Core/Src/main.o
 .debug_macro   0x000021bc       0x1c ./Core/Src/main.o
 .debug_macro   0x000021d8      0x177 ./Core/Src/main.o
 .debug_macro   0x0000234f      0x369 ./Core/Src/main.o
 .debug_macro   0x000026b8       0x10 ./Core/Src/main.o
 .debug_macro   0x000026c8       0x35 ./Core/Src/main.o
 .debug_macro   0x000026fd       0x20 ./Core/Src/main.o
 .debug_macro   0x0000271d       0x6a ./Core/Src/main.o
 .debug_macro   0x00002787       0x16 ./Core/Src/main.o
 .debug_macro   0x0000279d      0x223 ./Core/Src/maintask.o
 .debug_macro   0x000029c0       0xb7 ./Core/Src/maintask.o
 .debug_macro   0x00002a77       0x10 ./Core/Src/maintask.o
 .debug_macro   0x00002a87      0x26f ./Core/Src/oled.o
 .debug_macro   0x00002cf6       0x5b ./Core/Src/oled.o
 .debug_macro   0x00002d51       0x94 ./Core/Src/oled.o
 .debug_macro   0x00002de5       0x57 ./Core/Src/oled.o
 .debug_macro   0x00002e3c       0x56 ./Core/Src/oled.o
 .debug_macro   0x00002e92      0x2ec ./Core/Src/screentask.o
 .debug_macro   0x0000317e      0x1a2 ./Core/Src/stm32f1xx_hal_msp.o
 .debug_macro   0x00003320      0x214 ./Core/Src/stm32f1xx_it.o
 .debug_macro   0x00003534      0x198 ./Core/Src/system_stm32f1xx.o
 .debug_macro   0x000036cc      0x1bc ./Drivers/STM32F1xx_HAL_Driver/Src/stm32f1xx_hal.o
 .debug_macro   0x00003888      0x198 ./Drivers/STM32F1xx_HAL_Driver/Src/stm32f1xx_hal_cortex.o
 .debug_macro   0x00003a20      0x198 ./Drivers/STM32F1xx_HAL_Driver/Src/stm32f1xx_hal_dma.o
 .debug_macro   0x00003bb8      0x203 ./Drivers/STM32F1xx_HAL_Driver/Src/stm32f1xx_hal_gpio.o
 .debug_macro   0x00003dbb      0x1e6 ./Drivers/STM32F1xx_HAL_Driver/Src/stm32f1xx_hal_i2c.o
 .debug_macro   0x00003fa1      0x1aa ./Drivers/STM32F1xx_HAL_Driver/Src/stm32f1xx_hal_rcc.o
 .debug_macro   0x0000414b      0x199 ./Drivers/STM32F1xx_HAL_Driver/Src/stm32f1xx_hal_uart.o
 .debug_macro   0x000042e4      0x247 ./Middlewares/Third_Party/FreeRTOS/Source/CMSIS_RTOS_V2/cmsis_os2.o
 .debug_macro   0x0000452b       0x91 ./Middlewares/Third_Party/FreeRTOS/Source/CMSIS_RTOS_V2/cmsis_os2.o
 .debug_macro   0x000045bc       0x8d ./Middlewares/Third_Party/FreeRTOS/Source/CMSIS_RTOS_V2/cmsis_os2.o
 .debug_macro   0x00004649       0x9a ./Middlewares/Third_Party/FreeRTOS/Source/CMSIS_RTOS_V2/cmsis_os2.o
 .debug_macro   0x000046e3      0x187 ./Middlewares/Third_Party/FreeRTOS/Source/list.o
 .debug_macro   0x0000486a      0x212 ./Middlewares/Third_Party/FreeRTOS/Source/queue.o
 .debug_macro   0x00004a7c       0x16 ./Middlewares/Third_Party/FreeRTOS/Source/queue.o
 .debug_macro   0x00004a92      0x287 ./Middlewares/Third_Party/FreeRTOS/Source/tasks.o
 .debug_macro   0x00004d19       0x10 ./Middlewares/Third_Party/FreeRTOS/Source/tasks.o
 .debug_macro   0x00004d29      0x1ca ./Middlewares/Third_Party/FreeRTOS/Source/timers.o
 .debug_macro   0x00004ef3      0x172 ./Middlewares/Third_Party/FreeRTOS/Source/portable/GCC/ARM_CM3/port.o
 .debug_macro   0x00005065      0x1ae ./Middlewares/Third_Party/FreeRTOS/Source/portable/MemMang/heap_4.o

.debug_line     0x00000000    0x165a3
 .debug_line    0x00000000      0x580 ./Core/Src/bluetask.o
 .debug_line    0x00000580      0xb25 ./Core/Src/main.o
 .debug_line    0x000010a5      0x83f ./Core/Src/maintask.o
 .debug_line    0x000018e4      0xb23 ./Core/Src/oled.o
 .debug_line    0x00002407      0x9da ./Core/Src/screentask.o
 .debug_line    0x00002de1      0x78c ./Core/Src/stm32f1xx_hal_msp.o
 .debug_line    0x0000356d      0x8aa ./Core/Src/stm32f1xx_it.o
 .debug_line    0x00003e17      0x769 ./Core/Src/system_stm32f1xx.o
 .debug_line    0x00004580       0x78 ./Core/Startup/startup_stm32f103c8tx.o
 .debug_line    0x000045f8      0x996 ./Drivers/STM32F1xx_HAL_Driver/Src/stm32f1xx_hal.o
 .debug_line    0x00004f8e      0xb82 ./Drivers/STM32F1xx_HAL_Driver/Src/stm32f1xx_hal_cortex.o
 .debug_line    0x00005b10      0xdef ./Drivers/STM32F1xx_HAL_Driver/Src/stm32f1xx_hal_dma.o
 .debug_line    0x000068ff      0xa2f ./Drivers/STM32F1xx_HAL_Driver/Src/stm32f1xx_hal_gpio.o
 .debug_line    0x0000732e     0x3c03 ./Drivers/STM32F1xx_HAL_Driver/Src/stm32f1xx_hal_i2c.o
 .debug_line    0x0000af31      0xd9f ./Drivers/STM32F1xx_HAL_Driver/Src/stm32f1xx_hal_rcc.o
 .debug_line    0x0000bcd0     0x28df ./Drivers/STM32F1xx_HAL_Driver/Src/stm32f1xx_hal_uart.o
 .debug_line    0x0000e5af     0x24d0 ./Middlewares/Third_Party/FreeRTOS/Source/CMSIS_RTOS_V2/cmsis_os2.o
 .debug_line    0x00010a7f      0x795 ./Middlewares/Third_Party/FreeRTOS/Source/list.o
 .debug_line    0x00011214     0x1758 ./Middlewares/Third_Party/FreeRTOS/Source/queue.o
 .debug_line    0x0001296c     0x1dcd ./Middlewares/Third_Party/FreeRTOS/Source/tasks.o
 .debug_line    0x00014739      0xd32 ./Middlewares/Third_Party/FreeRTOS/Source/timers.o
 .debug_line    0x0001546b      0x7de ./Middlewares/Third_Party/FreeRTOS/Source/portable/GCC/ARM_CM3/port.o
 .debug_line    0x00015c49      0x95a ./Middlewares/Third_Party/FreeRTOS/Source/portable/MemMang/heap_4.o

.debug_str      0x00000000    0x8de0b
 .debug_str     0x00000000     0x75a5 ./Core/Src/bluetask.o
                               0x77a6 (size before relaxing)
 .debug_str     0x000075a5    0x7e150 ./Core/Src/main.o
                              0x85b04 (size before relaxing)
 .debug_str     0x000856f5       0x17 ./Core/Src/maintask.o
                              0x8192c (size before relaxing)
 .debug_str     0x0008570c      0x125 ./Core/Src/oled.o
                              0x819b4 (size before relaxing)
 .debug_str     0x00085831       0x33 ./Core/Src/screentask.o
                              0x84b92 (size before relaxing)
 .debug_str     0x00085864      0x35f ./Core/Src/stm32f1xx_hal_msp.o
                              0x7ec2f (size before relaxing)
 .debug_str     0x00085bc3      0xe3d ./Core/Src/stm32f1xx_it.o
                              0x81f37 (size before relaxing)
 .debug_str     0x00086a00       0x7e ./Core/Src/system_stm32f1xx.o
                              0x7e222 (size before relaxing)
 .debug_str     0x00086a7e       0x44 ./Core/Startup/startup_stm32f103c8tx.o
                                 0x83 (size before relaxing)
 .debug_str     0x00086ac2      0x38e ./Drivers/STM32F1xx_HAL_Driver/Src/stm32f1xx_hal.o
                              0x7e955 (size before relaxing)
 .debug_str     0x00086e50      0x28b ./Drivers/STM32F1xx_HAL_Driver/Src/stm32f1xx_hal_cortex.o
                              0x7e8a1 (size before relaxing)
 .debug_str     0x000870db      0x23a ./Drivers/STM32F1xx_HAL_Driver/Src/stm32f1xx_hal_dma.o
                              0x7e5cb (size before relaxing)
 .debug_str     0x00087315      0x2ce ./Drivers/STM32F1xx_HAL_Driver/Src/stm32f1xx_hal_gpio.o
                              0x7e5a8 (size before relaxing)
 .debug_str     0x000875e3      0xb7d ./Drivers/STM32F1xx_HAL_Driver/Src/stm32f1xx_hal_i2c.o
                              0x7f2e9 (size before relaxing)
 .debug_str     0x00088160      0x209 ./Drivers/STM32F1xx_HAL_Driver/Src/stm32f1xx_hal_rcc.o
                              0x7e651 (size before relaxing)
 .debug_str     0x00088369      0x5ce ./Drivers/STM32F1xx_HAL_Driver/Src/stm32f1xx_hal_uart.o
                              0x7ecc2 (size before relaxing)
 .debug_str     0x00088937     0x2be8 ./Middlewares/Third_Party/FreeRTOS/Source/CMSIS_RTOS_V2/cmsis_os2.o
                               0xe58c (size before relaxing)
 .debug_str     0x0008b51f      0x21b ./Middlewares/Third_Party/FreeRTOS/Source/list.o
                               0xa679 (size before relaxing)
 .debug_str     0x0008b73a      0x86c ./Middlewares/Third_Party/FreeRTOS/Source/queue.o
                               0xc073 (size before relaxing)
 .debug_str     0x0008bfa6     0x10a8 ./Middlewares/Third_Party/FreeRTOS/Source/tasks.o
                               0xcbd7 (size before relaxing)
 .debug_str     0x0008d04e      0x515 ./Middlewares/Third_Party/FreeRTOS/Source/timers.o
                               0xc548 (size before relaxing)
 .debug_str     0x0008d563      0x66e ./Middlewares/Third_Party/FreeRTOS/Source/portable/GCC/ARM_CM3/port.o
                               0x80f2 (size before relaxing)
 .debug_str     0x0008dbd1      0x23a ./Middlewares/Third_Party/FreeRTOS/Source/portable/MemMang/heap_4.o
                               0xadc6 (size before relaxing)

.comment        0x00000000       0x43
 .comment       0x00000000       0x43 ./Core/Src/bluetask.o
                                 0x44 (size before relaxing)
 .comment       0x00000043       0x44 ./Core/Src/main.o
 .comment       0x00000043       0x44 ./Core/Src/maintask.o
 .comment       0x00000043       0x44 ./Core/Src/oled.o
 .comment       0x00000043       0x44 ./Core/Src/screentask.o
 .comment       0x00000043       0x44 ./Core/Src/stm32f1xx_hal_msp.o
 .comment       0x00000043       0x44 ./Core/Src/stm32f1xx_it.o
 .comment       0x00000043       0x44 ./Core/Src/system_stm32f1xx.o
 .comment       0x00000043       0x44 ./Drivers/STM32F1xx_HAL_Driver/Src/stm32f1xx_hal.o
 .comment       0x00000043       0x44 ./Drivers/STM32F1xx_HAL_Driver/Src/stm32f1xx_hal_cortex.o
 .comment       0x00000043       0x44 ./Drivers/STM32F1xx_HAL_Driver/Src/stm32f1xx_hal_dma.o
 .comment       0x00000043       0x44 ./Drivers/STM32F1xx_HAL_Driver/Src/stm32f1xx_hal_gpio.o
 .comment       0x00000043       0x44 ./Drivers/STM32F1xx_HAL_Driver/Src/stm32f1xx_hal_i2c.o
 .comment       0x00000043       0x44 ./Drivers/STM32F1xx_HAL_Driver/Src/stm32f1xx_hal_rcc.o
 .comment       0x00000043       0x44 ./Drivers/STM32F1xx_HAL_Driver/Src/stm32f1xx_hal_uart.o
 .comment       0x00000043       0x44 ./Middlewares/Third_Party/FreeRTOS/Source/CMSIS_RTOS_V2/cmsis_os2.o
 .comment       0x00000043       0x44 ./Middlewares/Third_Party/FreeRTOS/Source/list.o
 .comment       0x00000043       0x44 ./Middlewares/Third_Party/FreeRTOS/Source/queue.o
 .comment       0x00000043       0x44 ./Middlewares/Third_Party/FreeRTOS/Source/tasks.o
 .comment       0x00000043       0x44 ./Middlewares/Third_Party/FreeRTOS/Source/timers.o
 .comment       0x00000043       0x44 ./Middlewares/Third_Party/FreeRTOS/Source/portable/GCC/ARM_CM3/port.o
 .comment       0x00000043       0x44 ./Middlewares/Third_Party/FreeRTOS/Source/portable/MemMang/heap_4.o

.debug_frame    0x00000000     0x4794
 .debug_frame   0x00000000       0x30 ./Core/Src/bluetask.o
 .debug_frame   0x00000030       0xe8 ./Core/Src/main.o
 .debug_frame   0x00000118       0x30 ./Core/Src/maintask.o
 .debug_frame   0x00000148      0x1b8 ./Core/Src/oled.o
 .debug_frame   0x00000300       0x54 ./Core/Src/screentask.o
 .debug_frame   0x00000354       0xc4 ./Core/Src/stm32f1xx_hal_msp.o
 .debug_frame   0x00000418       0xe0 ./Core/Src/stm32f1xx_it.o
 .debug_frame   0x000004f8       0x58 ./Core/Src/system_stm32f1xx.o
 .debug_frame   0x00000550      0x334 ./Drivers/STM32F1xx_HAL_Driver/Src/stm32f1xx_hal.o
 .debug_frame   0x00000884      0x428 ./Drivers/STM32F1xx_HAL_Driver/Src/stm32f1xx_hal_cortex.o
 .debug_frame   0x00000cac      0x208 ./Drivers/STM32F1xx_HAL_Driver/Src/stm32f1xx_hal_dma.o
 .debug_frame   0x00000eb4      0x14c ./Drivers/STM32F1xx_HAL_Driver/Src/stm32f1xx_hal_gpio.o
 .debug_frame   0x00001000      0xc84 ./Drivers/STM32F1xx_HAL_Driver/Src/stm32f1xx_hal_i2c.o
 .debug_frame   0x00001c84      0x218 ./Drivers/STM32F1xx_HAL_Driver/Src/stm32f1xx_hal_rcc.o
 .debug_frame   0x00001e9c      0x944 ./Drivers/STM32F1xx_HAL_Driver/Src/stm32f1xx_hal_uart.o
 .debug_frame   0x000027e0      0x980 ./Middlewares/Third_Party/FreeRTOS/Source/CMSIS_RTOS_V2/cmsis_os2.o
 .debug_frame   0x00003160       0xd8 ./Middlewares/Third_Party/FreeRTOS/Source/list.o
 .debug_frame   0x00003238      0x5ec ./Middlewares/Third_Party/FreeRTOS/Source/queue.o
 .debug_frame   0x00003824      0x8a8 ./Middlewares/Third_Party/FreeRTOS/Source/tasks.o
 .debug_frame   0x000040cc      0x3b4 ./Middlewares/Third_Party/FreeRTOS/Source/timers.o
 .debug_frame   0x00004480      0x198 ./Middlewares/Third_Party/FreeRTOS/Source/portable/GCC/ARM_CM3/port.o
 .debug_frame   0x00004618      0x108 ./Middlewares/Third_Party/FreeRTOS/Source/portable/MemMang/heap_4.o
 .debug_frame   0x00004720       0x20 C:/ST/STM32CubeIDE_1.15.1/STM32CubeIDE/plugins/com.st.stm32cube.ide.mcu.externaltools.gnu-tools-for-stm32.12.3.rel1.win32_1.0.100.202403111256/tools/bin/../lib/gcc/arm-none-eabi/12.3.1/../../../../arm-none-eabi/lib/thumb/v7-m/nofp\libc_nano.a(libc_a-memset.o)
 .debug_frame   0x00004740       0x2c C:/ST/STM32CubeIDE_1.15.1/STM32CubeIDE/plugins/com.st.stm32cube.ide.mcu.externaltools.gnu-tools-for-stm32.12.3.rel1.win32_1.0.100.202403111256/tools/bin/../lib/gcc/arm-none-eabi/12.3.1/../../../../arm-none-eabi/lib/thumb/v7-m/nofp\libc_nano.a(libc_a-init.o)
 .debug_frame   0x0000476c       0x28 C:/ST/STM32CubeIDE_1.15.1/STM32CubeIDE/plugins/com.st.stm32cube.ide.mcu.externaltools.gnu-tools-for-stm32.12.3.rel1.win32_1.0.100.202403111256/tools/bin/../lib/gcc/arm-none-eabi/12.3.1/../../../../arm-none-eabi/lib/thumb/v7-m/nofp\libc_nano.a(libc_a-memcpy-stub.o)

.debug_line_str
                0x00000000       0x67
 .debug_line_str
                0x00000000       0x67 ./Core/Startup/startup_stm32f103c8tx.o
