../Core/Src/oled.c:282:6:initOLED	16	static
../Core/Src/oled.c:293:13:write_cmd	32	static
../Core/Src/oled.c:303:13:cmd_list	32	static
../Core/Src/oled.c:325:13:initDisplay	8	static
../Core/Src/oled.c:355:13:display	32	static
../Core/Src/oled.c:390:6:clearDisplay	8	static
../Core/Src/oled.c:396:13:drawpixel	16	static
../Core/Src/oled.c:405:6:drawBitmap	40	static
../Core/Src/oled.c:428:6:drawImage	32	static
../Core/Src/oled.c:437:6:drawChar	32	static
../Core/Src/oled.c:489:6:test	24	static
../Core/Src/oled.c:496:6:drawChars	24	static
